<html>
<body>
<pre>
<h1>礦ision Build Log</h1>
<h2>Tool Versions:</h2>
IDE-Version: μVision V5.27.1.0
Copyright (C) 2019 ARM Ltd and ARM Germany GmbH. All rights reserved.
License Information: 1 1, 1, LIC=D0D7S-L6YQG-FWI2N-Y9XV6-2KWDJ-29B62
 
Tool Versions:
Toolchain:       MDK-ARM Plus  Version: 5.27.1.0
Toolchain Path:  D:\Keil_v5\ARM\ARMCC\Bin
C Compiler:      Armcc.exe V5.06 update 6 (build 750)
Assembler:       Armasm.exe V5.06 update 6 (build 750)
Linker/Locator:  ArmLink.exe V5.06 update 6 (build 750)
Library Manager: ArmAr.exe V5.06 update 6 (build 750)
Hex Converter:   FromElf.exe V5.06 update 6 (build 750)
CPU DLL:         SARMCM3.DLL V5.27.1.0
Dialog DLL:      DCM.DLL V1.17.2.0
Target DLL:      CMSIS_AGDI.dll V1.31.17.0
Dialog DLL:      TCM.DLL V1.36.1.0
 
<h2>Project:</h2>
E:\暑期信盈达实习\3.0\2023280520毛晋耀显示器三个页面触摸功能加图片轮换1\2023280520毛晋耀显示器三个页面触摸功能加图片轮换\Smart_life.uvprojx
Project File Date:  07/29/2026

<h2>Output:</h2>
*** Using Compiler 'V5.06 update 6 (build 750)', folder: 'D:\Keil_v5\ARM\ARMCC\Bin'
Rebuild target 'Smart_life'
assembling startup_stm32f40_41xxx.s...
compiling system_stm32f4xx.c...
compiling SERVO.c...
compiling KEY.c...
compiling FAN.c...
compiling DELAY.c...
compiling TIMER.c...
USER\src\TIMER.c(30): warning:  #1-D: last line of file ends without a newline
  }
USER\src\TIMER.c: 1 warning, 0 errors
compiling RELAY.C...
.\USER\inc\relay.h(11): warning:  #1-D: last line of file ends without a newline
  #endif
USER\src\RELAY.C(29): warning:  #1-D: last line of file ends without a newline
  }
USER\src\RELAY.C: 2 warnings, 0 errors
compiling BUZZER.c...
.\USER\inc\buzzer.h(11): warning:  #1-D: last line of file ends without a newline
  #endif
USER\src\BUZZER.c: 1 warning, 0 errors
compiling main.c...
.\USER\inc\BUZZER.h(11): warning:  #1-D: last line of file ends without a newline
  #endif
.\USER\inc\RELAY.h(11): warning:  #1-D: last line of file ends without a newline
  #endif
.\USER\inc\FLAM.h(11): warning:  #1-D: last line of file ends without a newline
  #endif
.\USER\inc\ADC.h(11): warning:  #1-D: last line of file ends without a newline
  #endif
USER\src\main.c: 4 warnings, 0 errors
compiling USART1.c...
.\USER\inc\BUZZER.h(11): warning:  #1-D: last line of file ends without a newline
  #endif
.\USER\inc\RELAY.h(11): warning:  #1-D: last line of file ends without a newline
  #endif
.\USER\inc\FLAM.h(11): warning:  #1-D: last line of file ends without a newline
  #endif
.\USER\inc\ADC.h(11): warning:  #1-D: last line of file ends without a newline
  #endif
USER\src\USART1.c: 4 warnings, 0 errors
compiling LED.c...
.\USER\inc\BUZZER.h(11): warning:  #1-D: last line of file ends without a newline
  #endif
.\USER\inc\RELAY.h(11): warning:  #1-D: last line of file ends without a newline
  #endif
.\USER\inc\FLAM.h(11): warning:  #1-D: last line of file ends without a newline
  #endif
.\USER\inc\ADC.h(11): warning:  #1-D: last line of file ends without a newline
  #endif
USER\src\LED.c(135): warning:  #1-D: last line of file ends without a newline
  }
USER\src\LED.c: 5 warnings, 0 errors
compiling CONTROL.c...
.\USER\inc\BUZZER.h(11): warning:  #1-D: last line of file ends without a newline
  #endif
.\USER\inc\RELAY.h(11): warning:  #1-D: last line of file ends without a newline
  #endif
.\USER\inc\FLAM.h(11): warning:  #1-D: last line of file ends without a newline
  #endif
.\USER\inc\ADC.h(11): warning:  #1-D: last line of file ends without a newline
  #endif
USER\src\CONTROL.c(123): warning:  #223-D: function "atof" declared implicitly
              servo_current_angle = (float)atof(param);
USER\src\CONTROL.c: 5 warnings, 0 errors
compiling RGB.c...
.\USER\inc\BUZZER.h(11): warning:  #1-D: last line of file ends without a newline
  #endif
.\USER\inc\RELAY.h(11): warning:  #1-D: last line of file ends without a newline
  #endif
.\USER\inc\FLAM.h(11): warning:  #1-D: last line of file ends without a newline
  #endif
.\USER\inc\ADC.h(11): warning:  #1-D: last line of file ends without a newline
  #endif
USER\src\RGB.c: 4 warnings, 0 errors
compiling IIC.c...
.\USER\inc\BUZZER.h(11): warning:  #1-D: last line of file ends without a newline
  #endif
.\USER\inc\RELAY.h(11): warning:  #1-D: last line of file ends without a newline
  #endif
.\USER\inc\FLAM.h(11): warning:  #1-D: last line of file ends without a newline
  #endif
.\USER\inc\ADC.h(11): warning:  #1-D: last line of file ends without a newline
  #endif
USER\src\IIC.c: 4 warnings, 0 errors
compiling systick.c...
.\USER\inc\BUZZER.h(11): warning:  #1-D: last line of file ends without a newline
  #endif
.\USER\inc\RELAY.h(11): warning:  #1-D: last line of file ends without a newline
  #endif
.\USER\inc\FLAM.h(11): warning:  #1-D: last line of file ends without a newline
  #endif
.\USER\inc\ADC.h(11): warning:  #1-D: last line of file ends without a newline
  #endif
USER\src\systick.c(31): warning:  #1-D: last line of file ends without a newline
  }
USER\src\systick.c: 5 warnings, 0 errors
compiling SHT30.C...
.\USER\inc\BUZZER.h(11): warning:  #1-D: last line of file ends without a newline
  #endif
.\USER\inc\RELAY.h(11): warning:  #1-D: last line of file ends without a newline
  #endif
.\USER\inc\FLAM.h(11): warning:  #1-D: last line of file ends without a newline
  #endif
.\USER\inc\ADC.h(11): warning:  #1-D: last line of file ends without a newline
  #endif
USER\src\SHT30.C: 4 warnings, 0 errors
compiling MLX90614.c...
.\USER\inc\BUZZER.h(11): warning:  #1-D: last line of file ends without a newline
  #endif
.\USER\inc\RELAY.h(11): warning:  #1-D: last line of file ends without a newline
  #endif
.\USER\inc\FLAM.h(11): warning:  #1-D: last line of file ends without a newline
  #endif
.\USER\inc\ADC.h(11): warning:  #1-D: last line of file ends without a newline
  #endif
USER\src\MLX90614.c: 4 warnings, 0 errors
compiling w25q64.c...
.\USER\inc\BUZZER.h(11): warning:  #1-D: last line of file ends without a newline
  #endif
.\USER\inc\RELAY.h(11): warning:  #1-D: last line of file ends without a newline
  #endif
.\USER\inc\FLAM.h(11): warning:  #1-D: last line of file ends without a newline
  #endif
.\USER\inc\ADC.h(11): warning:  #1-D: last line of file ends without a newline
  #endif
USER\src\w25q64.c: 4 warnings, 0 errors
compiling LCD.c...
.\USER\inc\BUZZER.h(11): warning:  #1-D: last line of file ends without a newline
  #endif
.\USER\inc\RELAY.h(11): warning:  #1-D: last line of file ends without a newline
  #endif
.\USER\inc\FLAM.h(11): warning:  #1-D: last line of file ends without a newline
  #endif
.\USER\inc\ADC.h(11): warning:  #1-D: last line of file ends without a newline
  #endif
USER\src\LCD.c: 4 warnings, 0 errors
compiling SPI.c...
.\USER\inc\BUZZER.h(11): warning:  #1-D: last line of file ends without a newline
  #endif
.\USER\inc\RELAY.h(11): warning:  #1-D: last line of file ends without a newline
  #endif
.\USER\inc\FLAM.h(11): warning:  #1-D: last line of file ends without a newline
  #endif
.\USER\inc\ADC.h(11): warning:  #1-D: last line of file ends without a newline
  #endif
USER\src\SPI.c: 4 warnings, 0 errors
compiling IIC3.c...
.\USER\inc\BUZZER.h(11): warning:  #1-D: last line of file ends without a newline
  #endif
.\USER\inc\RELAY.h(11): warning:  #1-D: last line of file ends without a newline
  #endif
.\USER\inc\FLAM.h(11): warning:  #1-D: last line of file ends without a newline
  #endif
.\USER\inc\ADC.h(11): warning:  #1-D: last line of file ends without a newline
  #endif
USER\src\IIC3.c(201): warning:  #1-D: last line of file ends without a newline
  }
USER\src\IIC3.c: 5 warnings, 0 errors
compiling UI.c...
.\USER\inc\BUZZER.h(11): warning:  #1-D: last line of file ends without a newline
  #endif
.\USER\inc\RELAY.h(11): warning:  #1-D: last line of file ends without a newline
  #endif
.\USER\inc\FLAM.h(11): warning:  #1-D: last line of file ends without a newline
  #endif
.\USER\inc\ADC.h(11): warning:  #1-D: last line of file ends without a newline
  #endif
USER\src\UI.c(238): warning:  #1-D: last line of file ends without a newline
  //}
USER\src\UI.c: 5 warnings, 0 errors
compiling FLAM.c...
.\USER\inc\BUZZER.h(11): warning:  #1-D: last line of file ends without a newline
  #endif
.\USER\inc\RELAY.h(11): warning:  #1-D: last line of file ends without a newline
  #endif
.\USER\inc\FLAM.h(11): warning:  #1-D: last line of file ends without a newline
  #endif
.\USER\inc\ADC.h(11): warning:  #1-D: last line of file ends without a newline
  #endif
USER\src\FLAM.c(54): warning:  #1-D: last line of file ends without a newline
  }
USER\src\FLAM.c: 5 warnings, 0 errors
compiling ADC.c...
.\USER\inc\BUZZER.h(11): warning:  #1-D: last line of file ends without a newline
  #endif
.\USER\inc\RELAY.h(11): warning:  #1-D: last line of file ends without a newline
  #endif
.\USER\inc\FLAM.h(11): warning:  #1-D: last line of file ends without a newline
  #endif
.\USER\inc\ADC.h(11): warning:  #1-D: last line of file ends without a newline
  #endif
USER\src\ADC.c(73): warning:  #1-D: last line of file ends without a newline
  }
USER\src\ADC.c: 5 warnings, 0 errors
compiling misc.c...
compiling project.c...
.\USER\inc\BUZZER.h(11): warning:  #1-D: last line of file ends without a newline
  #endif
.\USER\inc\RELAY.h(11): warning:  #1-D: last line of file ends without a newline
  #endif
.\USER\inc\FLAM.h(11): warning:  #1-D: last line of file ends without a newline
  #endif
.\USER\inc\ADC.h(11): warning:  #1-D: last line of file ends without a newline
  #endif
USER\src\project.c: 4 warnings, 0 errors
compiling stm32f4xx_adc.c...
compiling stm32f4xx_can.c...
compiling stm32f4xx_crc.c...
compiling stm32f4xx_cryp.c...
compiling stm32f4xx_cryp_des.c...
compiling stm32f4xx_cryp_aes.c...
compiling stm32f4xx_cryp_tdes.c...
compiling stm32f4xx_dac.c...
compiling stm32f4xx_dbgmcu.c...
compiling stm32f4xx_dcmi.c...
compiling stm32f4xx_dma.c...
compiling stm32f4xx_exti.c...
compiling stm32f4xx_dma2d.c...
compiling stm32f4xx_flash.c...
compiling stm32f4xx_flash_ramfunc.c...
compiling stm32f4xx_fsmc.c...
compiling stm32f4xx_gpio.c...
compiling stm32f4xx_hash_md5.c...
compiling stm32f4xx_hash.c...
compiling stm32f4xx_hash_sha1.c...
compiling stm32f4xx_i2c.c...
compiling stm32f4xx_iwdg.c...
compiling stm32f4xx_pwr.c...
compiling stm32f4xx_ltdc.c...
compiling stm32f4xx_rng.c...
compiling stm32f4xx_rcc.c...
compiling stm32f4xx_sai.c...
compiling stm32f4xx_rtc.c...
compiling stm32f4xx_spi.c...
compiling stm32f4xx_sdio.c...
compiling stm32f4xx_syscfg.c...
compiling stm32f4xx_usart.c...
compiling stm32f4xx_wwdg.c...
compiling stm32f4xx_tim.c...
linking...
Program Size: Code=15888 RO-data=154056 RW-data=152 ZI-data=1024  
".\Objects\Smart_life.axf" - 0 Error(s), 79 Warning(s).

<h2>Software Packages used:</h2>

Package Vendor: Keil
                http://www.keil.com/pack/Keil.STM32F4xx_DFP.2.11.0.pack
                Keil.STM32F4xx_DFP.2.11.0
                STMicroelectronics STM32F4 Series Device Support, Drivers and Examples

<h2>Collection of Component include folders:</h2>
  .\RTE\_Smart_life
  D:\Users\AppData\Local\Arm\Packs\Keil\STM32F4xx_DFP\2.11.0\Drivers\CMSIS\Device\ST\STM32F4xx\Include

<h2>Collection of Component Files used:</h2>
Build Time Elapsed:  00:00:04
</pre>
</body>
</html>
