Component: ARM Compiler 5.06 update 6 (build 750) Tool: armlink [4d35ed]

==============================================================================

Section Cross References

    startup_stm32f40_41xxx.o(RESET) refers to startup_stm32f40_41xxx.o(STACK) for __initial_sp
    startup_stm32f40_41xxx.o(RESET) refers to startup_stm32f40_41xxx.o(.text) for Reset_Handler
    startup_stm32f40_41xxx.o(RESET) refers to systick.o(i.SysTick_Handler) for SysTick_Handler
    startup_stm32f40_41xxx.o(RESET) refers to usart1.o(i.USART1_IRQHandler) for USART1_IRQHandler
    startup_stm32f40_41xxx.o(.text) refers to system_stm32f4xx.o(i.SystemInit) for SystemInit
    startup_stm32f40_41xxx.o(.text) refers to entry.o(.ARM.Collect$$$$00000000) for __main
    system_stm32f4xx.o(i.SystemCoreClockUpdate) refers to system_stm32f4xx.o(.data) for SystemCoreClock
    system_stm32f4xx.o(i.SystemInit) refers to system_stm32f4xx.o(i.SetSysClock) for SetSysClock
    main.o(i.main) refers to led.o(i.LED_Init) for LED_Init
    main.o(i.main) refers to key.o(i.KEY_Init) for KEY_Init
    main.o(i.main) refers to relay.o(i.Relay_Init) for Relay_Init
    main.o(i.main) refers to buzzer.o(i.Buzzer_Init) for Buzzer_Init
    main.o(i.main) refers to timer.o(i.Timer_Delay_Init) for Timer_Delay_Init
    main.o(i.main) refers to fan.o(i.Fan_Config) for Fan_Config
    main.o(i.main) refers to servo.o(i.Servo_Init) for Servo_Init
    main.o(i.main) refers to rgb.o(i.Rgb_Config) for Rgb_Config
    main.o(i.main) refers to servo.o(i.Servo_SetAngle) for Servo_SetAngle
    main.o(i.main) refers to control.o(i.Update_Device_Links) for Update_Device_Links
    main.o(i.main) refers to sht30.o(i.Sht30_Config) for Sht30_Config
    main.o(i.main) refers to mlx90614.o(i.MLX90614_Config) for MLX90614_Config
    main.o(i.main) refers to lcd.o(i.LCD_Init) for LCD_Init
    main.o(i.main) refers to usart1.o(i.Usart1_Config) for Usart1_Config
    main.o(i.main) refers to w25q64.o(i.W25Q64_Config) for W25Q64_Config
    main.o(i.main) refers to iic3.o(i.CST816S_Config) for CST816S_Config
    main.o(i.main) refers to adc.o(i.ADC1_Config) for ADC1_Config
    main.o(i.main) refers to flam.o(i.Flame_Config) for Flame_Config
    main.o(i.main) refers to printfa.o(i.__0printf) for __2printf
    main.o(i.main) refers to led.o(i.LED_Mode_Update) for LED_Mode_Update
    main.o(i.main) refers to iic3.o(i.CST_Scan) for CST_Scan
    main.o(i.main) refers to project.o(i.Fan_KeyControl) for Fan_KeyControl
    main.o(i.main) refers to buzzer.o(i.Buzzer_On) for Buzzer_On
    main.o(i.main) refers to ui.o(i.Page_Home) for Page_Home
    main.o(i.main) refers to ui.o(i.Page_One) for Page_One
    main.o(i.main) refers to ui.o(i.Page_Two) for Page_Two
    main.o(i.main) refers to ui.o(i.Page_Sensor) for Page_Sensor
    main.o(i.main) refers to main.o(.data) for servo_current_angle
    main.o(i.main) refers to system_stm32f4xx.o(.data) for SystemCoreClock
    main.o(i.main) refers to ui.o(.data) for touch_lock
    main.o(i.main) refers to iic3.o(.data) for cst
    main.o(i.main) refers to systick.o(.data) for sht30_flag
    led.o(i.LED_Init) refers to stm32f4xx_rcc.o(i.RCC_AHB1PeriphClockCmd) for RCC_AHB1PeriphClockCmd
    led.o(i.LED_Init) refers to stm32f4xx_gpio.o(i.GPIO_Init) for GPIO_Init
    led.o(i.LED_Init) refers to led.o(i.LED_SetAll) for LED_SetAll
    led.o(i.LED_Mode_Breath) refers to led.o(i.LED_SetAll) for LED_SetAll
    led.o(i.LED_Mode_Breath) refers to timer.o(i.timer_delay_us) for timer_delay_us
    led.o(i.LED_Mode_Flash) refers to led.o(i.LED_SetAll) for LED_SetAll
    led.o(i.LED_Mode_Flash) refers to timer.o(i.timer_delay_ms) for timer_delay_ms
    led.o(i.LED_Mode_On) refers to led.o(i.LED_SetAll) for LED_SetAll
    led.o(i.LED_Mode_Update) refers to stm32f4xx_gpio.o(i.GPIO_SetBits) for GPIO_SetBits
    led.o(i.LED_Mode_Update) refers to stm32f4xx_gpio.o(i.GPIO_ResetBits) for GPIO_ResetBits
    led.o(i.LED_Mode_Update) refers to ui.o(.data) for led_mode
    led.o(i.LED_Mode_Update) refers to led.o(.data) for last_mode
    led.o(i.LED_Mode_Update) refers to systick.o(.data) for sys_tick
    led.o(i.LED_SetAll) refers to stm32f4xx_gpio.o(i.GPIO_ResetBits) for GPIO_ResetBits
    led.o(i.LED_SetAll) refers to stm32f4xx_gpio.o(i.GPIO_SetBits) for GPIO_SetBits
    delay.o(i.delay_ms) refers to delay.o(i.delay_us) for delay_us
    key.o(i.KEY1_count) refers to key.o(i.KEY_Scan) for KEY_Scan
    key.o(i.KEY1_count) refers to key.o(.data) for count1
    key.o(i.KEY2_count) refers to key.o(i.KEY_Scan) for KEY_Scan
    key.o(i.KEY2_count) refers to key.o(.data) for count2
    key.o(i.KEY3_count) refers to key.o(i.KEY_Scan) for KEY_Scan
    key.o(i.KEY3_count) refers to key.o(.data) for count3
    key.o(i.KEY_Init) refers to stm32f4xx_rcc.o(i.RCC_AHB1PeriphClockCmd) for RCC_AHB1PeriphClockCmd
    key.o(i.KEY_Init) refers to stm32f4xx_gpio.o(i.GPIO_Init) for GPIO_Init
    key.o(i.KEY_Scan) refers to stm32f4xx_gpio.o(i.GPIO_ReadInputDataBit) for GPIO_ReadInputDataBit
[...]
    ../clib/scanf.c                          0x00000000   Number         0  strtod.o ABSOLUTE
    ../fplib/microlib/d2f.c                  0x00000000   Number         0  d2f.o ABSOLUTE
    ../fplib/microlib/f2d.c                  0x00000000   Number         0  f2d.o ABSOLUTE
    ../fplib/microlib/fpadd.c                0x00000000   Number         0  dadd.o ABSOLUTE
    ../fplib/microlib/fpdiv.c                0x00000000   Number         0  ddiv.o ABSOLUTE
    ../fplib/microlib/fpepilogue.c           0x00000000   Number         0  fepilogue.o ABSOLUTE
    ../fplib/microlib/fpepilogue.c           0x00000000   Number         0  depilogue.o ABSOLUTE
    ../fplib/microlib/fpfix.c                0x00000000   Number         0  dfixul.o ABSOLUTE
    ../fplib/microlib/fpflt.c                0x00000000   Number         0  dfltul.o ABSOLUTE
    ../fplib/microlib/fpmul.c                0x00000000   Number         0  dmul.o ABSOLUTE
    ../mathlib/atof.c                        0x00000000   Number         0  atof.o ABSOLUTE
    CMSIS\\system_stm32f4xx.c                0x00000000   Number         0  system_stm32f4xx.o ABSOLUTE
    CMSIS\startup_stm32f40_41xxx.s           0x00000000   Number         0  startup_stm32f40_41xxx.o ABSOLUTE
    CMSIS\system_stm32f4xx.c                 0x00000000   Number         0  system_stm32f4xx.o ABSOLUTE
    STM32F4xx_StdPeriph_Driver\\src\\misc.c  0x00000000   Number         0  misc.o ABSOLUTE
    STM32F4xx_StdPeriph_Driver\\src\\stm32f4xx_adc.c 0x00000000   Number         0  stm32f4xx_adc.o ABSOLUTE
    STM32F4xx_StdPeriph_Driver\\src\\stm32f4xx_can.c 0x00000000   Number         0  stm32f4xx_can.o ABSOLUTE
    STM32F4xx_StdPeriph_Driver\\src\\stm32f4xx_crc.c 0x00000000   Number         0  stm32f4xx_crc.o ABSOLUTE
    STM32F4xx_StdPeriph_Driver\\src\\stm32f4xx_cryp.c 0x00000000   Number         0  stm32f4xx_cryp.o ABSOLUTE
    STM32F4xx_StdPeriph_Driver\\src\\stm32f4xx_cryp_aes.c 0x00000000   Number         0  stm32f4xx_cryp_aes.o ABSOLUTE
    STM32F4xx_StdPeriph_Driver\\src\\stm32f4xx_cryp_des.c 0x00000000   Number         0  stm32f4xx_cryp_des.o ABSOLUTE
    STM32F4xx_StdPeriph_Driver\\src\\stm32f4xx_cryp_tdes.c 0x00000000   Number         0  stm32f4xx_cryp_tdes.o ABSOLUTE
    STM32F4xx_StdPeriph_Driver\\src\\stm32f4xx_dac.c 0x00000000   Number         0  stm32f4xx_dac.o ABSOLUTE
    STM32F4xx_StdPeriph_Driver\\src\\stm32f4xx_dbgmcu.c 0x00000000   Number         0  stm32f4xx_dbgmcu.o ABSOLUTE
    STM32F4xx_StdPeriph_Driver\\src\\stm32f4xx_dcmi.c 0x00000000   Number         0  stm32f4xx_dcmi.o ABSOLUTE
    STM32F4xx_StdPeriph_Driver\\src\\stm32f4xx_dma.c 0x00000000   Number         0  stm32f4xx_dma.o ABSOLUTE
    STM32F4xx_StdPeriph_Driver\\src\\stm32f4xx_dma2d.c 0x00000000   Number         0  stm32f4xx_dma2d.o ABSOLUTE
    STM32F4xx_StdPeriph_Driver\\src\\stm32f4xx_exti.c 0x00000000   Number         0  stm32f4xx_exti.o ABSOLUTE
    STM32F4xx_StdPeriph_Driver\\src\\stm32f4xx_flash.c 0x00000000   Number         0  stm32f4xx_flash.o ABSOLUTE
    STM32F4xx_StdPeriph_Driver\\src\\stm32f4xx_flash_ramfunc.c 0x00000000   Number         0  stm32f4xx_flash_ramfunc.o ABSOLUTE
    STM32F4xx_StdPeriph_Driver\\src\\stm32f4xx_fsmc.c 0x00000000   Number         0  stm32f4xx_fsmc.o ABSOLUTE
    STM32F4xx_StdPeriph_Driver\\src\\stm32f4xx_gpio.c 0x00000000   Number         0  stm32f4xx_gpio.o ABSOLUTE
    STM32F4xx_StdPeriph_Driver\\src\\stm32f4xx_hash.c 0x00000000   Number         0  stm32f4xx_hash.o ABSOLUTE
    STM32F4xx_StdPeriph_Driver\\src\\stm32f4xx_hash_md5.c 0x00000000   Number         0  stm32f4xx_hash_md5.o ABSOLUTE
    STM32F4xx_StdPeriph_Driver\\src\\stm32f4xx_hash_sha1.c 0x00000000   Number         0  stm32f4xx_hash_sha1.o ABSOLUTE
    STM32F4xx_StdPeriph_Driver\\src\\stm32f4xx_i2c.c 0x00000000   Number         0  stm32f4xx_i2c.o ABSOLUTE
    STM32F4xx_StdPeriph_Driver\\src\\stm32f4xx_iwdg.c 0x00000000   Number         0  stm32f4xx_iwdg.o ABSOLUTE
    STM32F4xx_StdPeriph_Driver\\src\\stm32f4xx_ltdc.c 0x00000000   Number         0  stm32f4xx_ltdc.o ABSOLUTE
    STM32F4xx_StdPeriph_Driver\\src\\stm32f4xx_pwr.c 0x00000000   Number         0  stm32f4xx_pwr.o ABSOLUTE
    STM32F4xx_StdPeriph_Driver\\src\\stm32f4xx_rcc.c 0x00000000   Number         0  stm32f4xx_rcc.o ABSOLUTE
    STM32F4xx_StdPeriph_Driver\\src\\stm32f4xx_rng.c 0x00000000   Number         0  stm32f4xx_rng.o ABSOLUTE
    STM32F4xx_StdPeriph_Driver\\src\\stm32f4xx_rtc.c 0x00000000   Number         0  stm32f4xx_rtc.o ABSOLUTE
    STM32F4xx_StdPeriph_Driver\\src\\stm32f4xx_sai.c 0x00000000   Number         0  stm32f4xx_sai.o ABSOLUTE
    STM32F4xx_StdPeriph_Driver\\src\\stm32f4xx_sdio.c 0x00000000   Number         0  stm32f4xx_sdio.o ABSOLUTE
    STM32F4xx_StdPeriph_Driver\\src\\stm32f4xx_spi.c 0x00000000   Number         0  stm32f4xx_spi.o ABSOLUTE
    STM32F4xx_StdPeriph_Driver\\src\\stm32f4xx_syscfg.c 0x00000000   Number         0  stm32f4xx_syscfg.o ABSOLUTE
    STM32F4xx_StdPeriph_Driver\\src\\stm32f4xx_tim.c 0x00000000   Number         0  stm32f4xx_tim.o ABSOLUTE
    STM32F4xx_StdPeriph_Driver\\src\\stm32f4xx_usart.c 0x00000000   Number         0  stm32f4xx_usart.o ABSOLUTE
    STM32F4xx_StdPeriph_Driver\\src\\stm32f4xx_wwdg.c 0x00000000   Number         0  stm32f4xx_wwdg.o ABSOLUTE
    STM32F4xx_StdPeriph_Driver\src\misc.c    0x00000000   Number         0  misc.o ABSOLUTE
    STM32F4xx_StdPeriph_Driver\src\stm32f4xx_adc.c 0x00000000   Number         0  stm32f4xx_adc.o ABSOLUTE
    STM32F4xx_StdPeriph_Driver\src\stm32f4xx_can.c 0x00000000   Number         0  stm32f4xx_can.o ABSOLUTE
    STM32F4xx_StdPeriph_Driver\src\stm32f4xx_crc.c 0x00000000   Number         0  stm32f4xx_crc.o ABSOLUTE
    STM32F4xx_StdPeriph_Driver\src\stm32f4xx_cryp.c 0x00000000   Number         0  stm32f4xx_cryp.o ABSOLUTE
    STM32F4xx_StdPeriph_Driver\src\stm32f4xx_cryp_aes.c 0x00000000   Number         0  stm32f4xx_cryp_aes.o ABSOLUTE
    STM32F4xx_StdPeriph_Driver\src\stm32f4xx_cryp_des.c 0x00000000   Number         0  stm32f4xx_cryp_des.o ABSOLUTE
    STM32F4xx_StdPeriph_Driver\src\stm32f4xx_cryp_tdes.c 0x00000000   Number         0  stm32f4xx_cryp_tdes.o ABSOLUTE
    STM32F4xx_StdPeriph_Driver\src\stm32f4xx_dac.c 0x00000000   Number         0  stm32f4xx_dac.o ABSOLUTE
    STM32F4xx_StdPeriph_Driver\src\stm32f4xx_dbgmcu.c 0x00000000   Number         0  stm32f4xx_dbgmcu.o ABSOLUTE
    STM32F4xx_StdPeriph_Driver\src\stm32f4xx_dcmi.c 0x00000000   Number         0  stm32f4xx_dcmi.o ABSOLUTE
    STM32F4xx_StdPeriph_Driver\src\stm32f4xx_dma.c 0x00000000   Number         0  stm32f4xx_dma.o ABSOLUTE
    STM32F4xx_StdPeriph_Driver\src\stm32f4xx_dma2d.c 0x00000000   Number         0  stm32f4xx_dma2d.o ABSOLUTE
    STM32F4xx_StdPeriph_Driver\src\stm32f4xx_exti.c 0x00000000   Number         0  stm32f4xx_exti.o ABSOLUTE
    STM32F4xx_StdPeriph_Driver\src\stm32f4xx_flash.c 0x00000000   Number         0  stm32f4xx_flash.o ABSOLUTE
    STM32F4xx_StdPeriph_Driver\src\stm32f4xx_flash_ramfunc.c 0x00000000   Number         0  stm32f4xx_flash_ramfunc.o ABSOLUTE
    STM32F4xx_StdPeriph_Driver\src\stm32f4xx_fsmc.c 0x00000000   Number         0  stm32f4xx_fsmc.o ABSOLUTE
    STM32F4xx_StdPeriph_Driver\src\stm32f4xx_gpio.c 0x00000000   Number         0  stm32f4xx_gpio.o ABSOLUTE
    STM32F4xx_StdPeriph_Driver\src\stm32f4xx_hash.c 0x00000000   Number         0  stm32f4xx_hash.o ABSOLUTE
    STM32F4xx_StdPeriph_Driver\src\stm32f4xx_hash_md5.c 0x00000000   Number         0  stm32f4xx_hash_md5.o ABSOLUTE
    STM32F4xx_StdPeriph_Driver\src\stm32f4xx_hash_sha1.c 0x00000000   Number         0  stm32f4xx_hash_sha1.o ABSOLUTE
    STM32F4xx_StdPeriph_Driver\src\stm32f4xx_i2c.c 0x00000000   Number         0  stm32f4xx_i2c.o ABSOLUTE
    STM32F4xx_StdPeriph_Driver\src\stm32f4xx_iwdg.c 0x00000000   Number         0  stm32f4xx_iwdg.o ABSOLUTE
    STM32F4xx_StdPeriph_Driver\src\stm32f4xx_ltdc.c 0x00000000   Number         0  stm32f4xx_ltdc.o ABSOLUTE
    STM32F4xx_StdPeriph_Driver\src\stm32f4xx_pwr.c 0x00000000   Number         0  stm32f4xx_pwr.o ABSOLUTE
    STM32F4xx_StdPeriph_Driver\src\stm32f4xx_rcc.c 0x00000000   Number         0  stm32f4xx_rcc.o ABSOLUTE
    STM32F4xx_StdPeriph_Driver\src\stm32f4xx_rng.c 0x00000000   Number         0  stm32f4xx_rng.o ABSOLUTE
    STM32F4xx_StdPeriph_Driver\src\stm32f4xx_rtc.c 0x00000000   Number         0  stm32f4xx_rtc.o ABSOLUTE
    STM32F4xx_StdPeriph_Driver\src\stm32f4xx_sai.c 0x00000000   Number         0  stm32f4xx_sai.o ABSOLUTE
    STM32F4xx_StdPeriph_Driver\src\stm32f4xx_sdio.c 0x00000000   Number         0  stm32f4xx_sdio.o ABSOLUTE
    STM32F4xx_StdPeriph_Driver\src\stm32f4xx_spi.c 0x00000000   Number         0  stm32f4xx_spi.o ABSOLUTE
    STM32F4xx_StdPeriph_Driver\src\stm32f4xx_syscfg.c 0x00000000   Number         0  stm32f4xx_syscfg.o ABSOLUTE
    STM32F4xx_StdPeriph_Driver\src\stm32f4xx_tim.c 0x00000000   Number         0  stm32f4xx_tim.o ABSOLUTE
    STM32F4xx_StdPeriph_Driver\src\stm32f4xx_usart.c 0x00000000   Number         0  stm32f4xx_usart.o ABSOLUTE
    STM32F4xx_StdPeriph_Driver\src\stm32f4xx_wwdg.c 0x00000000   Number         0  stm32f4xx_wwdg.o ABSOLUTE
    USER\\src\\ADC.c                         0x00000000   Number         0  adc.o ABSOLUTE
    USER\\src\\BUZZER.c                      0x00000000   Number         0  buzzer.o ABSOLUTE
    USER\\src\\CONTROL.c                     0x00000000   Number         0  control.o ABSOLUTE
    USER\\src\\DELAY.c                       0x00000000   Number         0  delay.o ABSOLUTE
    USER\\src\\FAN.c                         0x00000000   Number         0  fan.o ABSOLUTE
    USER\\src\\FLAM.c                        0x00000000   Number         0  flam.o ABSOLUTE
    USER\\src\\IIC.c                         0x00000000   Number         0  iic.o ABSOLUTE
    USER\\src\\IIC3.c                        0x00000000   Number         0  iic3.o ABSOLUTE
    USER\\src\\KEY.c                         0x00000000   Number         0  key.o ABSOLUTE
    USER\\src\\LCD.c                         0x00000000   Number         0  lcd.o ABSOLUTE
    USER\\src\\LED.c                         0x00000000   Number         0  led.o ABSOLUTE
    USER\\src\\MLX90614.c                    0x00000000   Number         0  mlx90614.o ABSOLUTE
    USER\\src\\RELAY.C                       0x00000000   Number         0  relay.o ABSOLUTE
    USER\\src\\RGB.c                         0x00000000   Number         0  rgb.o ABSOLUTE
    USER\\src\\SERVO.c                       0x00000000   Number         0  servo.o ABSOLUTE
    USER\\src\\SHT30.C                       0x00000000   Number         0  sht30.o ABSOLUTE
    USER\\src\\SPI.c                         0x00000000   Number         0  spi.o ABSOLUTE
    USER\\src\\TIMER.c                       0x00000000   Number         0  timer.o ABSOLUTE
    USER\\src\\UI.c                          0x00000000   Number         0  ui.o ABSOLUTE
    USER\\src\\USART1.c                      0x00000000   Number         0  usart1.o ABSOLUTE
    USER\\src\\main.c                        0x00000000   Number         0  main.o ABSOLUTE
    USER\\src\\project.c                     0x00000000   Number         0  project.o ABSOLUTE
    USER\\src\\systick.c                     0x00000000   Number         0  systick.o ABSOLUTE
    USER\\src\\w25q64.c                      0x00000000   Number         0  w25q64.o ABSOLUTE
    USER\src\ADC.c                           0x00000000   Number         0  adc.o ABSOLUTE
    USER\src\BUZZER.c                        0x00000000   Number         0  buzzer.o ABSOLUTE
    USER\src\CONTROL.c                       0x00000000   Number         0  control.o ABSOLUTE
    USER\src\DELAY.c                         0x00000000   Number         0  delay.o ABSOLUTE
    USER\src\FAN.c                           0x00000000   Number         0  fan.o ABSOLUTE
    USER\src\FLAM.c                          0x00000000   Number         0  flam.o ABSOLUTE
    USER\src\IIC.c                           0x00000000   Number         0  iic.o ABSOLUTE
    USER\src\IIC3.c                          0x00000000   Number         0  iic3.o ABSOLUTE
    USER\src\KEY.c                           0x00000000   Number         0  key.o ABSOLUTE
    USER\src\LCD.c                           0x00000000   Number         0  lcd.o ABSOLUTE
    USER\src\LED.c                           0x00000000   Number         0  led.o ABSOLUTE
    USER\src\MLX90614.c                      0x00000000   Number         0  mlx90614.o ABSOLUTE
    USER\src\RELAY.C                         0x00000000   Number         0  relay.o ABSOLUTE
    USER\src\RGB.c                           0x00000000   Number         0  rgb.o ABSOLUTE
    USER\src\SERVO.c                         0x00000000   Number         0  servo.o ABSOLUTE
    USER\src\SHT30.C                         0x00000000   Number         0  sht30.o ABSOLUTE
    USER\src\SPI.c                           0x00000000   Number         0  spi.o ABSOLUTE
    USER\src\TIMER.c                         0x00000000   Number         0  timer.o ABSOLUTE
    USER\src\UI.c                            0x00000000   Number         0  ui.o ABSOLUTE
    USER\src\USART1.c                        0x00000000   Number         0  usart1.o ABSOLUTE
    USER\src\main.c                          0x00000000   Number         0  main.o ABSOLUTE
    USER\src\project.c                       0x00000000   Number         0  project.o ABSOLUTE
    USER\src\systick.c                       0x00000000   Number         0  systick.o ABSOLUTE
    USER\src\w25q64.c                        0x00000000   Number         0  w25q64.o ABSOLUTE
    cdrcmple.s                               0x00000000   Number         0  cdrcmple.o ABSOLUTE
    dc.s                                     0x00000000   Number         0  dc.o ABSOLUTE
    handlers.s                               0x00000000   Number         0  handlers.o ABSOLUTE
    init.s                                   0x00000000   Number         0  init.o ABSOLUTE
    RESET                                    0x08000000   Section      392  startup_stm32f40_41xxx.o(RESET)
    .ARM.Collect$$$$00000000                 0x08000188   Section        0  entry.o(.ARM.Collect$$$$00000000)
    .ARM.Collect$$$$00000001                 0x08000188   Section        4  entry2.o(.ARM.Collect$$$$00000001)
    .ARM.Collect$$$$00000004                 0x0800018c   Section        4  entry5.o(.ARM.Collect$$$$00000004)
    .ARM.Collect$$$$00000008                 0x08000190   Section        0  entry7b.o(.ARM.Collect$$$$00000008)
    .ARM.Collect$$$$0000000A                 0x08000190   Section        0  entry8b.o(.ARM.Collect$$$$0000000A)
    .ARM.Collect$$$$0000000B                 0x08000190   Section        8  entry9a.o(.ARM.Collect$$$$0000000B)
    .ARM.Collect$$$$0000000D                 0x08000198   Section        0  entry10a.o(.ARM.Collect$$$$0000000D)
    .ARM.Collect$$$$0000000F                 0x08000198   Section        0  entry11a.o(.ARM.Collect$$$$0000000F)
    .ARM.Collect$$$$00002712                 0x08000198   Section        4  entry2.o(.ARM.Collect$$$$00002712)
    __lit__00000000                          0x08000198   Data           4  entry2.o(.ARM.Collect$$$$00002712)
    .text                                    0x0800019c   Section       36  startup_stm32f40_41xxx.o(.text)
    $v0                                      0x0800019c   Number         0  startup_stm32f40_41xxx.o(.text)
    .text                                    0x080001c0   Section        0  memseta.o(.text)
    .text                                    0x080001e4   Section        0  f2d.o(.text)
    .text                                    0x0800020a   Section        0  uidiv.o(.text)
    .text                                    0x08000236   Section        0  uldiv.o(.text)
    .text                                    0x08000298   Section        0  iusefp.o(.text)
    .text                                    0x08000298   Section        0  dadd.o(.text)
    .text                                    0x080003e6   Section        0  dmul.o(.text)
    .text                                    0x080004ca   Section        0  ddiv.o(.text)
    .text                                    0x080005a8   Section        0  dfixul.o(.text)
    .text                                    0x080005d8   Section       48  cdrcmple.o(.text)
    .text                                    0x08000608   Section       36  init.o(.text)
    .text                                    0x0800062c   Section        0  llshl.o(.text)
    .text                                    0x0800064a   Section        0  llushr.o(.text)
    .text                                    0x0800066a   Section        0  llsshr.o(.text)
    .text                                    0x0800068e   Section        0  depilogue.o(.text)
    i.ADC1_Config                            0x08000748   Section        0  adc.o(i.ADC1_Config)
    i.ADC1_GetValue                          0x080007c8   Section        0  adc.o(i.ADC1_GetValue)
    i.ADC_Cmd                                0x08000868   Section        0  stm32f4xx_adc.o(i.ADC_Cmd)
    i.ADC_GetConversionValue                 0x0800087e   Section        0  stm32f4xx_adc.o(i.ADC_GetConversionValue)
    i.ADC_GetFlagStatus                      0x08000886   Section        0  stm32f4xx_adc.o(i.ADC_GetFlagStatus)
    i.ADC_Init                               0x08000898   Section        0  stm32f4xx_adc.o(i.ADC_Init)
    i.ADC_RegularChannelConfig               0x080008ec   Section        0  stm32f4xx_adc.o(i.ADC_RegularChannelConfig)
    i.ADC_SoftwareStartConv                  0x080009a4   Section        0  stm32f4xx_adc.o(i.ADC_SoftwareStartConv)
    i.Buzzer_Init                            0x080009b0   Section        0  buzzer.o(i.Buzzer_Init)
    i.Buzzer_Off                             0x080009ec   Section        0  buzzer.o(i.Buzzer_Off)
    i.Buzzer_On                              0x08000a00   Section        0  buzzer.o(i.Buzzer_On)
    i.CST816S_Config                         0x08000a14   Section        0  iic3.o(i.CST816S_Config)
    i.CST816S_RecData                        0x08000a7c   Section        0  iic3.o(i.CST816S_RecData)
    i.CST816S_WriteByte                      0x08000ada   Section        0  iic3.o(i.CST816S_WriteByte)
    i.CST_Scan                               0x08000b08   Section        0  iic3.o(i.CST_Scan)
    i.Fan_Config                             0x08000c18   Section        0  fan.o(i.Fan_Config)
    i.Fan_DisplayStatus                      0x08000c28   Section        0  project.o(i.Fan_DisplayStatus)
    i.Fan_GPIO_Config                        0x08000e84   Section        0  fan.o(i.Fan_GPIO_Config)
    i.Fan_KeyControl                         0x08000ecc   Section        0  project.o(i.Fan_KeyControl)
    i.Fan_PWM_Config                         0x08001108   Section        0  fan.o(i.Fan_PWM_Config)
    i.Fan_SetSpeed                           0x0800114c   Section        0  fan.o(i.Fan_SetSpeed)
    i.Fan_TIM_Config                         0x08001168   Section        0  fan.o(i.Fan_TIM_Config)
    i.Flame_Config                           0x080011a8   Section        0  flam.o(i.Flame_Config)
    i.Flame_GetValue                         0x080011d8   Section        0  flam.o(i.Flame_GetValue)
    i.GPIO_Init                              0x08001270   Section        0  stm32f4xx_gpio.o(i.GPIO_Init)
    i.GPIO_PinAFConfig                       0x08001300   Section        0  stm32f4xx_gpio.o(i.GPIO_PinAFConfig)
    i.GPIO_ReadInputDataBit                  0x08001346   Section        0  stm32f4xx_gpio.o(i.GPIO_ReadInputDataBit)
    i.GPIO_ResetBits                         0x08001358   Section        0  stm32f4xx_gpio.o(i.GPIO_ResetBits)
    i.GPIO_SetBits                           0x0800135c   Section        0  stm32f4xx_gpio.o(i.GPIO_SetBits)
    i.GetTouchArea                           0x08001360   Section        0  ui.o(i.GetTouchArea)
    i.Get_XY                                 0x08001390   Section        0  iic3.o(i.Get_XY)
    i.I2C3_Config                            0x080013ec   Section        0  iic3.o(i.I2C3_Config)
    i.I2C3_RecAck                            0x0800149c   Section        0  iic3.o(i.I2C3_RecAck)
    i.I2C3_RecData                           0x080014fc   Section        0  iic3.o(i.I2C3_RecData)
    i.I2C3_SendAck                           0x0800155c   Section        0  iic3.o(i.I2C3_SendAck)
    i.I2C3_SendData                          0x080015b8   Section        0  iic3.o(i.I2C3_SendData)
    i.I2C3_Start                             0x08001618   Section        0  iic3.o(i.I2C3_Start)
    i.I2C3_Stop                              0x08001650   Section        0  iic3.o(i.I2C3_Stop)
    i.IIC1_Config                            0x08001688   Section        0  iic.o(i.IIC1_Config)
    i.KEY_Init                               0x080016e0   Section        0  key.o(i.KEY_Init)
    i.LCD_Init                               0x08001728   Section        0  lcd.o(i.LCD_Init)
    i.LED_Init                               0x080018cc   Section        0  led.o(i.LED_Init)
    i.LED_Mode_Update                        0x0800190c   Section        0  led.o(i.LED_Mode_Update)
    i.LED_SetAll                             0x08001a60   Section        0  led.o(i.LED_SetAll)
    i.Lcd_Clear                              0x08001a84   Section        0  lcd.o(i.Lcd_Clear)
    i.Lcd_DisplayPic                         0x08001abe   Section        0  lcd.o(i.Lcd_DisplayPic)
    i.Lcd_DrawPoint                          0x08001b18   Section        0  lcd.o(i.Lcd_DrawPoint)
    i.Lcd_Port_Config                        0x08001b38   Section        0  lcd.o(i.Lcd_Port_Config)
    i.Lcd_Send_Cmd                           0x08001bac   Section        0  lcd.o(i.Lcd_Send_Cmd)
    i.Lcd_Send_Data                          0x08001bd8   Section        0  lcd.o(i.Lcd_Send_Data)
    i.Lcd_Send_Data16b                       0x08001c04   Section        0  lcd.o(i.Lcd_Send_Data16b)
    i.Lcd_SetPostion                         0x08001c38   Section        0  lcd.o(i.Lcd_SetPostion)
    i.Lcd_TransferData                       0x08001c78   Section        0  lcd.o(i.Lcd_TransferData)
    i.Lcd_ZikuChi                            0x08001cb8   Section        0  lcd.o(i.Lcd_ZikuChi)
    i.Lcd_ZikuEng                            0x08001da4   Section        0  lcd.o(i.Lcd_ZikuEng)
    i.Lcd_ZikuStr                            0x08001ea0   Section        0  lcd.o(i.Lcd_ZikuStr)
    i.MLX90614_Config                        0x08001f12   Section        0  mlx90614.o(i.MLX90614_Config)
    i.NVIC_Init                              0x08001f1c   Section        0  misc.o(i.NVIC_Init)
    i.Page_Home                              0x08001f94   Section        0  ui.o(i.Page_Home)
    i.Page_One                               0x08001ff0   Section        0  ui.o(i.Page_One)
    i.Page_Sensor                            0x080022c0   Section        0  ui.o(i.Page_Sensor)
    i.Page_Two                               0x080022dc   Section        0  ui.o(i.Page_Two)
    i.Page_Write                             0x08002448   Section        0  w25q64.o(i.Page_Write)
    i.RCC_AHB1PeriphClockCmd                 0x080024ac   Section        0  stm32f4xx_rcc.o(i.RCC_AHB1PeriphClockCmd)
    i.RCC_APB1PeriphClockCmd                 0x080024cc   Section        0  stm32f4xx_rcc.o(i.RCC_APB1PeriphClockCmd)
    i.RCC_APB2PeriphClockCmd                 0x080024ec   Section        0  stm32f4xx_rcc.o(i.RCC_APB2PeriphClockCmd)
    i.RCC_GetClocksFreq                      0x0800250c   Section        0  stm32f4xx_rcc.o(i.RCC_GetClocksFreq)
    i.Read_Data                              0x080025f4   Section        0  w25q64.o(i.Read_Data)
    i.Read_StatusReg                         0x08002644   Section        0  w25q64.o(i.Read_StatusReg)
    i.Relay_Init                             0x08002678   Section        0  relay.o(i.Relay_Init)
    i.Relay_Off                              0x080026b0   Section        0  relay.o(i.Relay_Off)
    i.Relay_On                               0x080026c0   Section        0  relay.o(i.Relay_On)
    i.Rgb_Config                             0x080026d0   Section        0  rgb.o(i.Rgb_Config)
    i.Rgb_Control                            0x0800273c   Section        0  rgb.o(i.Rgb_Control)
    i.Rgb_Reset                              0x0800275c   Section        0  rgb.o(i.Rgb_Reset)
    i.Rgb_SendData                           0x08002778   Section        0  rgb.o(i.Rgb_SendData)
    i.SPI_Cmd                                0x080027e8   Section        0  stm32f4xx_spi.o(i.SPI_Cmd)
    i.SPI_I2S_GetFlagStatus                  0x08002800   Section        0  stm32f4xx_spi.o(i.SPI_I2S_GetFlagStatus)
    i.SPI_I2S_ReceiveData                    0x08002812   Section        0  stm32f4xx_spi.o(i.SPI_I2S_ReceiveData)
    i.SPI_I2S_SendData                       0x08002818   Section        0  stm32f4xx_spi.o(i.SPI_I2S_SendData)
    i.SPI_Init                               0x0800281c   Section        0  stm32f4xx_spi.o(i.SPI_Init)
    i.Sensor_Display_All                     0x08002858   Section        0  project.o(i.Sensor_Display_All)
    i.Servo_Init                             0x080029a0   Section        0  servo.o(i.Servo_Init)
    i.Servo_SetAngle                         0x08002a44   Section        0  servo.o(i.Servo_SetAngle)
    i.SetSysClock                            0x08002ab8   Section        0  system_stm32f4xx.o(i.SetSysClock)
    SetSysClock                              0x08002ab9   Thumb Code   220  system_stm32f4xx.o(i.SetSysClock)
    i.Sht30_Config                           0x08002ba4   Section        0  sht30.o(i.Sht30_Config)
    i.Spi1_Config                            0x08002bac   Section        0  spi.o(i.Spi1_Config)
    i.Spi1_TransferData                      0x08002c4c   Section        0  spi.o(i.Spi1_TransferData)
    i.SysTick_Handler                        0x08002c84   Section        0  systick.o(i.SysTick_Handler)
    i.SystemInit                             0x08002cdc   Section        0  system_stm32f4xx.o(i.SystemInit)
    i.TIM_ARRPreloadConfig                   0x08002d44   Section        0  stm32f4xx_tim.o(i.TIM_ARRPreloadConfig)
    i.TIM_Cmd                                0x08002d5c   Section        0  stm32f4xx_tim.o(i.TIM_Cmd)
    i.TIM_CtrlPWMOutputs                     0x08002d74   Section        0  stm32f4xx_tim.o(i.TIM_CtrlPWMOutputs)
    i.TIM_OC2Init                            0x08002d94   Section        0  stm32f4xx_tim.o(i.TIM_OC2Init)
    i.TIM_OC2PreloadConfig                   0x08002e38   Section        0  stm32f4xx_tim.o(i.TIM_OC2PreloadConfig)
    i.TIM_OC3Init                            0x08002e54   Section        0  stm32f4xx_tim.o(i.TIM_OC3Init)
    i.TIM_OC3PreloadConfig                   0x08002ef4   Section        0  stm32f4xx_tim.o(i.TIM_OC3PreloadConfig)
    i.TIM_SetCompare2                        0x08002f06   Section        0  stm32f4xx_tim.o(i.TIM_SetCompare2)
    i.TIM_SetCompare3                        0x08002f0a   Section        0  stm32f4xx_tim.o(i.TIM_SetCompare3)
    i.TIM_TimeBaseInit                       0x08002f10   Section        0  stm32f4xx_tim.o(i.TIM_TimeBaseInit)
    i.Timer_Delay_Init                       0x08002f94   Section        0  timer.o(i.Timer_Delay_Init)
    i.Touch_ClearGestureFlag                 0x08002fd4   Section        0  ui.o(i.Touch_ClearGestureFlag)
    i.USART1_IRQHandler                      0x08002fd8   Section        0  usart1.o(i.USART1_IRQHandler)
    i.USART_ClearITPendingBit                0x08003054   Section        0  stm32f4xx_usart.o(i.USART_ClearITPendingBit)
    i.USART_Cmd                              0x08003072   Section        0  stm32f4xx_usart.o(i.USART_Cmd)
    i.USART_GetFlagStatus                    0x0800308a   Section        0  stm32f4xx_usart.o(i.USART_GetFlagStatus)
    i.USART_GetITStatus                      0x080030a4   Section        0  stm32f4xx_usart.o(i.USART_GetITStatus)
    i.USART_ITConfig                         0x080030f8   Section        0  stm32f4xx_usart.o(i.USART_ITConfig)
    i.USART_Init                             0x08003144   Section        0  stm32f4xx_usart.o(i.USART_Init)
    i.USART_ReceiveData                      0x08003218   Section        0  stm32f4xx_usart.o(i.USART_ReceiveData)
    i.USART_SendData                         0x08003222   Section        0  stm32f4xx_usart.o(i.USART_SendData)
    i.Update_Device_Links                    0x0800322c   Section        0  control.o(i.Update_Device_Links)
    i.Usart1_Config                          0x080032e0   Section        0  usart1.o(i.Usart1_Config)
    i.W25Q64_Config                          0x080033a4   Section        0  w25q64.o(i.W25Q64_Config)
    i.W25Q64_CrossPageWrite                  0x080033ec   Section        0  w25q64.o(i.W25Q64_CrossPageWrite)
    i.Write_Enable                           0x08003438   Section        0  w25q64.o(i.Write_Enable)
    i.__0printf                              0x08003458   Section        0  printfa.o(i.__0printf)
    i.__0sprintf                             0x08003478   Section        0  printfa.o(i.__0sprintf)
    i.__scatterload_copy                     0x080034a0   Section       14  handlers.o(i.__scatterload_copy)
    i.__scatterload_null                     0x080034ae   Section        2  handlers.o(i.__scatterload_null)
    i.__scatterload_zeroinit                 0x080034b0   Section       14  handlers.o(i.__scatterload_zeroinit)
    i._fp_digits                             0x080034c0   Section        0  printfa.o(i._fp_digits)
    _fp_digits                               0x080034c1   Thumb Code   366  printfa.o(i._fp_digits)
    i._printf_core                           0x08003644   Section        0  printfa.o(i._printf_core)
    _printf_core                             0x08003645   Thumb Code  1744  printfa.o(i._printf_core)
    i._printf_post_padding                   0x08003d20   Section        0  printfa.o(i._printf_post_padding)
    _printf_post_padding                     0x08003d21   Thumb Code    36  printfa.o(i._printf_post_padding)
    i._printf_pre_padding                    0x08003d44   Section        0  printfa.o(i._printf_pre_padding)
    _printf_pre_padding                      0x08003d45   Thumb Code    46  printfa.o(i._printf_pre_padding)
    i._sputc                                 0x08003d72   Section        0  printfa.o(i._sputc)
    _sputc                                   0x08003d73   Thumb Code    10  printfa.o(i._sputc)
    i.delay_ms                               0x08003d7c   Section        0  delay.o(i.delay_ms)
    i.delay_us                               0x08003d94   Section        0  delay.o(i.delay_us)
    i.fputc                                  0x08003dae   Section        0  usart1.o(i.fputc)
    i.main                                   0x08003dc0   Section        0  main.o(i.main)
    i.usart1_send_byte                       0x08003f78   Section        0  usart1.o(i.usart1_send_byte)
    .constdata                               0x08003f98   Section    153608  ui.o(.constdata)
    .conststring                             0x080297a0   Section       21  ui.o(.conststring)
    .data                                    0x20000000   Section       20  system_stm32f4xx.o(.data)
    .data                                    0x20000014   Section       17  main.o(.data)
    .data                                    0x20000028   Section       10  led.o(.data)
    led_tick                                 0x20000028   Data           4  led.o(.data)
    led_pwm_state                            0x2000002c   Data           1  led.o(.data)
    breath_on_us                             0x2000002e   Data           2  led.o(.data)
    last_mode                                0x20000030   Data           1  led.o(.data)
    dir                                      0x20000031   Data           1  led.o(.data)
    .data                                    0x20000034   Section        4  usart1.o(.data)
    addr                                     0x20000034   Data           4  usart1.o(.data)
    .data                                    0x20000038   Section       10  systick.o(.data)
    time_cnt                                 0x20000040   Data           2  systick.o(.data)
    .data                                    0x20000042   Section        2  w25q64.o(.data)
    .data                                    0x20000044   Section        6  iic3.o(.data)
    .data                                    0x2000004c   Section       32  ui.o(.data)
    .data                                    0x2000006c   Section        4  flam.o(.data)
    .data                                    0x20000070   Section        4  adc.o(.data)
    .data                                    0x20000074   Section       14  project.o(.data)
    key2_last                                0x20000076   Data           1  project.o(.data)
    key3_last                                0x20000077   Data           1  project.o(.data)
    db2_tm                                   0x20000078   Data           4  project.o(.data)
    db3_tm                                   0x2000007c   Data           4  project.o(.data)
    key2_stable                              0x20000080   Data           1  project.o(.data)
    key3_stable                              0x20000081   Data           1  project.o(.data)
    .data                                    0x20000082   Section       16  stm32f4xx_rcc.o(.data)
    APBAHBPrescTable                         0x20000082   Data          16  stm32f4xx_rcc.o(.data)
    .data                                    0x20000094   Section        4  stdout.o(.data)
    STACK                                    0x20000098   Section     1024  startup_stm32f40_41xxx.o(STACK)

    Global Symbols

    Symbol Name                              Value     Ov Type        Size  Object(Section)

    BuildAttributes$$THM_ISAv4$E$P$D$K$B$S$7EM$VFPi3$EXTD16$VFPS$VFMA$PE$A:L22UL41UL21$X:L11$S22US41US21$IEEE1$IW$USESV6$~STKCKD$USESV7$~SHL$OTIME$ROPI$IEEEJ$EBA8$MICROLIB$REQ8$PRES8$EABIv2 0x00000000   Number         0  anon$$obj.o ABSOLUTE
    __ARM_use_no_argv                        0x00000000   Number         0  main.o ABSOLUTE
    _printf_a                                0x00000000   Number         0  stubs.o ABSOLUTE
    _printf_c                                0x00000000   Number         0  stubs.o ABSOLUTE
    _printf_charcount                        0x00000000   Number         0  stubs.o ABSOLUTE
    _printf_d                                0x00000000   Number         0  stubs.o ABSOLUTE
    _printf_e                                0x00000000   Number         0  stubs.o ABSOLUTE
    _printf_f                                0x00000000   Number         0  stubs.o ABSOLUTE
    _printf_flags                            0x00000000   Number         0  stubs.o ABSOLUTE
    _printf_fp_dec                           0x00000000   Number         0  stubs.o ABSOLUTE
    _printf_fp_hex                           0x00000000   Number         0  stubs.o ABSOLUTE
    _printf_g                                0x00000000   Number         0  stubs.o ABSOLUTE
    _printf_i                                0x00000000   Number         0  stubs.o ABSOLUTE
    _printf_int_dec                          0x00000000   Number         0  stubs.o ABSOLUTE
    _printf_l                                0x00000000   Number         0  stubs.o ABSOLUTE
    _printf_lc                               0x00000000   Number         0  stubs.o ABSOLUTE
    _printf_ll                               0x00000000   Number         0  stubs.o ABSOLUTE
    _printf_lld                              0x00000000   Number         0  stubs.o ABSOLUTE
    _printf_lli                              0x00000000   Number         0  stubs.o ABSOLUTE
    _printf_llo                              0x00000000   Number         0  stubs.o ABSOLUTE
    _printf_llu                              0x00000000   Number         0  stubs.o ABSOLUTE
    _printf_llx                              0x00000000   Number         0  stubs.o ABSOLUTE
    _printf_longlong_dec                     0x00000000   Number         0  stubs.o ABSOLUTE
    _printf_longlong_hex                     0x00000000   Number         0  stubs.o ABSOLUTE
    _printf_longlong_oct                     0x00000000   Number         0  stubs.o ABSOLUTE
    _printf_ls                               0x00000000   Number         0  stubs.o ABSOLUTE
    _printf_mbtowc                           0x00000000   Number         0  stubs.o ABSOLUTE
    _printf_n                                0x00000000   Number         0  stubs.o ABSOLUTE
    _printf_o                                0x00000000   Number         0  stubs.o ABSOLUTE
    _printf_p                                0x00000000   Number         0  stubs.o ABSOLUTE
    _printf_percent                          0x00000000   Number         0  stubs.o ABSOLUTE
    _printf_pre_padding                      0x00000000   Number         0  stubs.o ABSOLUTE
    _printf_return_value                     0x00000000   Number         0  stubs.o ABSOLUTE
    _printf_s                                0x00000000   Number         0  stubs.o ABSOLUTE
    _printf_sizespec                         0x00000000   Number         0  stubs.o ABSOLUTE
    _printf_str                              0x00000000   Number         0  stubs.o ABSOLUTE
    _printf_truncate_signed                  0x00000000   Number         0  stubs.o ABSOLUTE
    _printf_truncate_unsigned                0x00000000   Number         0  stubs.o ABSOLUTE
    _printf_u                                0x00000000   Number         0  stubs.o ABSOLUTE
    _printf_wc                               0x00000000   Number         0  stubs.o ABSOLUTE
    _printf_wctomb                           0x00000000   Number         0  stubs.o ABSOLUTE
    _printf_widthprec                        0x00000000   Number         0  stubs.o ABSOLUTE
    _printf_x                                0x00000000   Number         0  stubs.o ABSOLUTE
    __cpp_initialize__aeabi_                  - Undefined Weak Reference
    __cxa_finalize                            - Undefined Weak Reference
    __decompress                              - Undefined Weak Reference
    _clock_init                               - Undefined Weak Reference
    _microlib_exit                            - Undefined Weak Reference
    __Vectors_Size                           0x00000188   Number         0  startup_stm32f40_41xxx.o ABSOLUTE
    __Vectors                                0x08000000   Data           4  startup_stm32f40_41xxx.o(RESET)
    __Vectors_End                            0x08000188   Data           0  startup_stm32f40_41xxx.o(RESET)
    __main                                   0x08000189   Thumb Code     0  entry.o(.ARM.Collect$$$$00000000)
    _main_stk                                0x08000189   Thumb Code     0  entry2.o(.ARM.Collect$$$$00000001)
    _main_scatterload                        0x0800018d   Thumb Code     0  entry5.o(.ARM.Collect$$$$00000004)
    __main_after_scatterload                 0x08000191   Thumb Code     0  entry5.o(.ARM.Collect$$$$00000004)
    _main_clock                              0x08000191   Thumb Code     0  entry7b.o(.ARM.Collect$$$$00000008)
    _main_cpp_init                           0x08000191   Thumb Code     0  entry8b.o(.ARM.Collect$$$$0000000A)
    _main_init                               0x08000191   Thumb Code     0  entry9a.o(.ARM.Collect$$$$0000000B)
    __rt_final_cpp                           0x08000199   Thumb Code     0  entry10a.o(.ARM.Collect$$$$0000000D)
    __rt_final_exit                          0x08000199   Thumb Code     0  entry11a.o(.ARM.Collect$$$$0000000F)
    Reset_Handler                            0x0800019d   Thumb Code     8  startup_stm32f40_41xxx.o(.text)
    NMI_Handler                              0x080001a5   Thumb Code     2  startup_stm32f40_41xxx.o(.text)
    HardFault_Handler                        0x080001a7   Thumb Code     2  startup_stm32f40_41xxx.o(.text)
    MemManage_Handler                        0x080001a9   Thumb Code     2  startup_stm32f40_41xxx.o(.text)
    BusFault_Handler                         0x080001ab   Thumb Code     2  startup_stm32f40_41xxx.o(.text)
    UsageFault_Handler                       0x080001ad   Thumb Code     2  startup_stm32f40_41xxx.o(.text)
    SVC_Handler                              0x080001af   Thumb Code     2  startup_stm32f40_41xxx.o(.text)
    DebugMon_Handler                         0x080001b1   Thumb Code     2  startup_stm32f40_41xxx.o(.text)
    PendSV_Handler                           0x080001b3   Thumb Code     2  startup_stm32f40_41xxx.o(.text)
    ADC_IRQHandler                           0x080001b7   Thumb Code     0  startup_stm32f40_41xxx.o(.text)
    CAN1_RX0_IRQHandler                      0x080001b7   Thumb Code     0  startup_stm32f40_41xxx.o(.text)
    CAN1_RX1_IRQHandler                      0x080001b7   Thumb Code     0  startup_stm32f40_41xxx.o(.text)
    CAN1_SCE_IRQHandler                      0x080001b7   Thumb Code     0  startup_stm32f40_41xxx.o(.text)
    CAN1_TX_IRQHandler                       0x080001b7   Thumb Code     0  startup_stm32f40_41xxx.o(.text)
    CAN2_RX0_IRQHandler                      0x080001b7   Thumb Code     0  startup_stm32f40_41xxx.o(.text)
    CAN2_RX1_IRQHandler                      0x080001b7   Thumb Code     0  startup_stm32f40_41xxx.o(.text)
    CAN2_SCE_IRQHandler                      0x080001b7   Thumb Code     0  startup_stm32f40_41xxx.o(.text)
    CAN2_TX_IRQHandler                       0x080001b7   Thumb Code     0  startup_stm32f40_41xxx.o(.text)
    CRYP_IRQHandler                          0x080001b7   Thumb Code     0  startup_stm32f40_41xxx.o(.text)
    DCMI_IRQHandler                          0x080001b7   Thumb Code     0  startup_stm32f40_41xxx.o(.text)
    DMA1_Stream0_IRQHandler                  0x080001b7   Thumb Code     0  startup_stm32f40_41xxx.o(.text)
    DMA1_Stream1_IRQHandler                  0x080001b7   Thumb Code     0  startup_stm32f40_41xxx.o(.text)
    DMA1_Stream2_IRQHandler                  0x080001b7   Thumb Code     0  startup_stm32f40_41xxx.o(.text)
    DMA1_Stream3_IRQHandler                  0x080001b7   Thumb Code     0  startup_stm32f40_41xxx.o(.text)
    DMA1_Stream4_IRQHandler                  0x080001b7   Thumb Code     0  startup_stm32f40_41xxx.o(.text)
    DMA1_Stream5_IRQHandler                  0x080001b7   Thumb Code     0  startup_stm32f40_41xxx.o(.text)
    DMA1_Stream6_IRQHandler                  0x080001b7   Thumb Code     0  startup_stm32f40_41xxx.o(.text)
    DMA1_Stream7_IRQHandler                  0x080001b7   Thumb Code     0  startup_stm32f40_41xxx.o(.text)
    DMA2_Stream0_IRQHandler                  0x080001b7   Thumb Code     0  startup_stm32f40_41xxx.o(.text)
    DMA2_Stream1_IRQHandler                  0x080001b7   Thumb Code     0  startup_stm32f40_41xxx.o(.text)
    DMA2_Stream2_IRQHandler                  0x080001b7   Thumb Code     0  startup_stm32f40_41xxx.o(.text)
    DMA2_Stream3_IRQHandler                  0x080001b7   Thumb Code     0  startup_stm32f40_41xxx.o(.text)
    DMA2_Stream4_IRQHandler                  0x080001b7   Thumb Code     0  startup_stm32f40_41xxx.o(.text)
    DMA2_Stream5_IRQHandler                  0x080001b7   Thumb Code     0  startup_stm32f40_41xxx.o(.text)
    DMA2_Stream6_IRQHandler                  0x080001b7   Thumb Code     0  startup_stm32f40_41xxx.o(.text)
    DMA2_Stream7_IRQHandler                  0x080001b7   Thumb Code     0  startup_stm32f40_41xxx.o(.text)
    ETH_IRQHandler                           0x080001b7   Thumb Code     0  startup_stm32f40_41xxx.o(.text)
    ETH_WKUP_IRQHandler                      0x080001b7   Thumb Code     0  startup_stm32f40_41xxx.o(.text)
    EXTI0_IRQHandler                         0x080001b7   Thumb Code     0  startup_stm32f40_41xxx.o(.text)
    EXTI15_10_IRQHandler                     0x080001b7   Thumb Code     0  startup_stm32f40_41xxx.o(.text)
    EXTI1_IRQHandler                         0x080001b7   Thumb Code     0  startup_stm32f40_41xxx.o(.text)
    EXTI2_IRQHandler                         0x080001b7   Thumb Code     0  startup_stm32f40_41xxx.o(.text)
    EXTI3_IRQHandler                         0x080001b7   Thumb Code     0  startup_stm32f40_41xxx.o(.text)
    EXTI4_IRQHandler                         0x080001b7   Thumb Code     0  startup_stm32f40_41xxx.o(.text)
    EXTI9_5_IRQHandler                       0x080001b7   Thumb Code     0  startup_stm32f40_41xxx.o(.text)
    FLASH_IRQHandler                         0x080001b7   Thumb Code     0  startup_stm32f40_41xxx.o(.text)
    FPU_IRQHandler                           0x080001b7   Thumb Code     0  startup_stm32f40_41xxx.o(.text)
    FSMC_IRQHandler                          0x080001b7   Thumb Code     0  startup_stm32f40_41xxx.o(.text)
    HASH_RNG_IRQHandler                      0x080001b7   Thumb Code     0  startup_stm32f40_41xxx.o(.text)
    I2C1_ER_IRQHandler                       0x080001b7   Thumb Code     0  startup_stm32f40_41xxx.o(.text)
    I2C1_EV_IRQHandler                       0x080001b7   Thumb Code     0  startup_stm32f40_41xxx.o(.text)
    I2C2_ER_IRQHandler                       0x080001b7   Thumb Code     0  startup_stm32f40_41xxx.o(.text)
    I2C2_EV_IRQHandler                       0x080001b7   Thumb Code     0  startup_stm32f40_41xxx.o(.text)
    I2C3_ER_IRQHandler                       0x080001b7   Thumb Code     0  startup_stm32f40_41xxx.o(.text)
    I2C3_EV_IRQHandler                       0x080001b7   Thumb Code     0  startup_stm32f40_41xxx.o(.text)
    OTG_FS_IRQHandler                        0x080001b7   Thumb Code     0  startup_stm32f40_41xxx.o(.text)
    OTG_FS_WKUP_IRQHandler                   0x080001b7   Thumb Code     0  startup_stm32f40_41xxx.o(.text)
    OTG_HS_EP1_IN_IRQHandler                 0x080001b7   Thumb Code     0  startup_stm32f40_41xxx.o(.text)
    OTG_HS_EP1_OUT_IRQHandler                0x080001b7   Thumb Code     0  startup_stm32f40_41xxx.o(.text)
    OTG_HS_IRQHandler                        0x080001b7   Thumb Code     0  startup_stm32f40_41xxx.o(.text)
    OTG_HS_WKUP_IRQHandler                   0x080001b7   Thumb Code     0  startup_stm32f40_41xxx.o(.text)
    PVD_IRQHandler                           0x080001b7   Thumb Code     0  startup_stm32f40_41xxx.o(.text)
    RCC_IRQHandler                           0x080001b7   Thumb Code     0  startup_stm32f40_41xxx.o(.text)
    RTC_Alarm_IRQHandler                     0x080001b7   Thumb Code     0  startup_stm32f40_41xxx.o(.text)
    RTC_WKUP_IRQHandler                      0x080001b7   Thumb Code     0  startup_stm32f40_41xxx.o(.text)
    SDIO_IRQHandler                          0x080001b7   Thumb Code     0  startup_stm32f40_41xxx.o(.text)
    SPI1_IRQHandler                          0x080001b7   Thumb Code     0  startup_stm32f40_41xxx.o(.text)
    SPI2_IRQHandler                          0x080001b7   Thumb Code     0  startup_stm32f40_41xxx.o(.text)
    SPI3_IRQHandler                          0x080001b7   Thumb Code     0  startup_stm32f40_41xxx.o(.text)
    TAMP_STAMP_IRQHandler                    0x080001b7   Thumb Code     0  startup_stm32f40_41xxx.o(.text)
    TIM1_BRK_TIM9_IRQHandler                 0x080001b7   Thumb Code     0  startup_stm32f40_41xxx.o(.text)
    TIM1_CC_IRQHandler                       0x080001b7   Thumb Code     0  startup_stm32f40_41xxx.o(.text)
    TIM1_TRG_COM_TIM11_IRQHandler            0x080001b7   Thumb Code     0  startup_stm32f40_41xxx.o(.text)
    TIM1_UP_TIM10_IRQHandler                 0x080001b7   Thumb Code     0  startup_stm32f40_41xxx.o(.text)
    TIM2_IRQHandler                          0x080001b7   Thumb Code     0  startup_stm32f40_41xxx.o(.text)
    TIM3_IRQHandler                          0x080001b7   Thumb Code     0  startup_stm32f40_41xxx.o(.text)
    TIM4_IRQHandler                          0x080001b7   Thumb Code     0  startup_stm32f40_41xxx.o(.text)
    TIM5_IRQHandler                          0x080001b7   Thumb Code     0  startup_stm32f40_41xxx.o(.text)
    TIM6_DAC_IRQHandler                      0x080001b7   Thumb Code     0  startup_stm32f40_41xxx.o(.text)
    TIM7_IRQHandler                          0x080001b7   Thumb Code     0  startup_stm32f40_41xxx.o(.text)
    TIM8_BRK_TIM12_IRQHandler                0x080001b7   Thumb Code     0  startup_stm32f40_41xxx.o(.text)
    TIM8_CC_IRQHandler                       0x080001b7   Thumb Code     0  startup_stm32f40_41xxx.o(.text)
    TIM8_TRG_COM_TIM14_IRQHandler            0x080001b7   Thumb Code     0  startup_stm32f40_41xxx.o(.text)
    TIM8_UP_TIM13_IRQHandler                 0x080001b7   Thumb Code     0  startup_stm32f40_41xxx.o(.text)
    UART4_IRQHandler                         0x080001b7   Thumb Code     0  startup_stm32f40_41xxx.o(.text)
    UART5_IRQHandler                         0x080001b7   Thumb Code     0  startup_stm32f40_41xxx.o(.text)
    USART2_IRQHandler                        0x080001b7   Thumb Code     0  startup_stm32f40_41xxx.o(.text)
    USART3_IRQHandler                        0x080001b7   Thumb Code     0  startup_stm32f40_41xxx.o(.text)
    USART6_IRQHandler                        0x080001b7   Thumb Code     0  startup_stm32f40_41xxx.o(.text)
    WWDG_IRQHandler                          0x080001b7   Thumb Code     0  startup_stm32f40_41xxx.o(.text)
    __aeabi_memset                           0x080001c1   Thumb Code    14  memseta.o(.text)
    __aeabi_memset4                          0x080001c1   Thumb Code     0  memseta.o(.text)
    __aeabi_memset8                          0x080001c1   Thumb Code     0  memseta.o(.text)
    __aeabi_memclr                           0x080001cf   Thumb Code     4  memseta.o(.text)
    __aeabi_memclr4                          0x080001cf   Thumb Code     0  memseta.o(.text)
    __aeabi_memclr8                          0x080001cf   Thumb Code     0  memseta.o(.text)
    _memset$wrapper                          0x080001d3   Thumb Code    18  memseta.o(.text)
    __aeabi_f2d                              0x080001e5   Thumb Code    38  f2d.o(.text)
    __aeabi_uidiv                            0x0800020b   Thumb Code     0  uidiv.o(.text)
    __aeabi_uidivmod                         0x0800020b   Thumb Code    44  uidiv.o(.text)
    __aeabi_uldivmod                         0x08000237   Thumb Code    98  uldiv.o(.text)
    __I$use$fp                               0x08000299   Thumb Code     0  iusefp.o(.text)
    __aeabi_dadd                             0x08000299   Thumb Code   322  dadd.o(.text)
    __aeabi_dsub                             0x080003db   Thumb Code     6  dadd.o(.text)
    __aeabi_drsub                            0x080003e1   Thumb Code     6  dadd.o(.text)
    __aeabi_dmul                             0x080003e7   Thumb Code   228  dmul.o(.text)
    __aeabi_ddiv                             0x080004cb   Thumb Code   222  ddiv.o(.text)
    __aeabi_d2ulz                            0x080005a9   Thumb Code    48  dfixul.o(.text)
    __aeabi_cdrcmple                         0x080005d9   Thumb Code    48  cdrcmple.o(.text)
    __scatterload                            0x08000609   Thumb Code    28  init.o(.text)
    __scatterload_rt2                        0x08000609   Thumb Code     0  init.o(.text)
    __aeabi_llsl                             0x0800062d   Thumb Code    30  llshl.o(.text)
    _ll_shift_l                              0x0800062d   Thumb Code     0  llshl.o(.text)
    __aeabi_llsr                             0x0800064b   Thumb Code    32  llushr.o(.text)
    _ll_ushift_r                             0x0800064b   Thumb Code     0  llushr.o(.text)
    __aeabi_lasr                             0x0800066b   Thumb Code    36  llsshr.o(.text)
    _ll_sshift_r                             0x0800066b   Thumb Code     0  llsshr.o(.text)
    _double_round                            0x0800068f   Thumb Code    30  depilogue.o(.text)
    _double_epilogue                         0x080006ad   Thumb Code   156  depilogue.o(.text)
    ADC1_Config                              0x08000749   Thumb Code   118  adc.o(i.ADC1_Config)
    ADC1_GetValue                            0x080007c9   Thumb Code   114  adc.o(i.ADC1_GetValue)
    ADC_Cmd                                  0x08000869   Thumb Code    22  stm32f4xx_adc.o(i.ADC_Cmd)
    ADC_GetConversionValue                   0x0800087f   Thumb Code     8  stm32f4xx_adc.o(i.ADC_GetConversionValue)
    ADC_GetFlagStatus                        0x08000887   Thumb Code    18  stm32f4xx_adc.o(i.ADC_GetFlagStatus)
    ADC_Init                                 0x08000899   Thumb Code    74  stm32f4xx_adc.o(i.ADC_Init)
    ADC_RegularChannelConfig                 0x080008ed   Thumb Code   184  stm32f4xx_adc.o(i.ADC_RegularChannelConfig)
    ADC_SoftwareStartConv                    0x080009a5   Thumb Code    10  stm32f4xx_adc.o(i.ADC_SoftwareStartConv)
    Buzzer_Init                              0x080009b1   Thumb Code    54  buzzer.o(i.Buzzer_Init)
    Buzzer_Off                               0x080009ed   Thumb Code    14  buzzer.o(i.Buzzer_Off)
    Buzzer_On                                0x08000a01   Thumb Code    14  buzzer.o(i.Buzzer_On)
    CST816S_Config                           0x08000a15   Thumb Code    84  iic3.o(i.CST816S_Config)
    CST816S_RecData                          0x08000a7d   Thumb Code    94  iic3.o(i.CST816S_RecData)
    CST816S_WriteByte                        0x08000adb   Thumb Code    46  iic3.o(i.CST816S_WriteByte)
    CST_Scan                                 0x08000b09   Thumb Code   174  iic3.o(i.CST_Scan)
    Fan_Config                               0x08000c19   Thumb Code    16  fan.o(i.Fan_Config)
    Fan_DisplayStatus                        0x08000c29   Thumb Code   484  project.o(i.Fan_DisplayStatus)
    Fan_GPIO_Config                          0x08000e85   Thumb Code    66  fan.o(i.Fan_GPIO_Config)
    Fan_KeyControl                           0x08000ecd   Thumb Code   460  project.o(i.Fan_KeyControl)
    Fan_PWM_Config                           0x08001109   Thumb Code    62  fan.o(i.Fan_PWM_Config)
    Fan_SetSpeed                             0x0800114d   Thumb Code    24  fan.o(i.Fan_SetSpeed)
    Fan_TIM_Config                           0x08001169   Thumb Code    60  fan.o(i.Fan_TIM_Config)
    Flame_Config                             0x080011a9   Thumb Code    42  flam.o(i.Flame_Config)
    Flame_GetValue                           0x080011d9   Thumb Code   102  flam.o(i.Flame_GetValue)
    GPIO_Init                                0x08001271   Thumb Code   144  stm32f4xx_gpio.o(i.GPIO_Init)
    GPIO_PinAFConfig                         0x08001301   Thumb Code    70  stm32f4xx_gpio.o(i.GPIO_PinAFConfig)
    GPIO_ReadInputDataBit                    0x08001347   Thumb Code    18  stm32f4xx_gpio.o(i.GPIO_ReadInputDataBit)
    GPIO_ResetBits                           0x08001359   Thumb Code     4  stm32f4xx_gpio.o(i.GPIO_ResetBits)
    GPIO_SetBits                             0x0800135d   Thumb Code     4  stm32f4xx_gpio.o(i.GPIO_SetBits)
    GetTouchArea                             0x08001361   Thumb Code    46  ui.o(i.GetTouchArea)
    Get_XY                                   0x08001391   Thumb Code    70  iic3.o(i.Get_XY)
    I2C3_Config                              0x080013ed   Thumb Code   164  iic3.o(i.I2C3_Config)
    I2C3_RecAck                              0x0800149d   Thumb Code    86  iic3.o(i.I2C3_RecAck)
    I2C3_RecData                             0x080014fd   Thumb Code    88  iic3.o(i.I2C3_RecData)
    I2C3_SendAck                             0x0800155d   Thumb Code    84  iic3.o(i.I2C3_SendAck)
    I2C3_SendData                            0x080015b9   Thumb Code    86  iic3.o(i.I2C3_SendData)
    I2C3_Start                               0x08001619   Thumb Code    46  iic3.o(i.I2C3_Start)
    I2C3_Stop                                0x08001651   Thumb Code    46  iic3.o(i.I2C3_Stop)
    IIC1_Config                              0x08001689   Thumb Code    84  iic.o(i.IIC1_Config)
    KEY_Init                                 0x080016e1   Thumb Code    62  key.o(i.KEY_Init)
    LCD_Init                                 0x08001729   Thumb Code   414  lcd.o(i.LCD_Init)
    LED_Init                                 0x080018cd   Thumb Code    60  led.o(i.LED_Init)
    LED_Mode_Update                          0x0800190d   Thumb Code   302  led.o(i.LED_Mode_Update)
    LED_SetAll                               0x08001a61   Thumb Code    30  led.o(i.LED_SetAll)
    Lcd_Clear                                0x08001a85   Thumb Code    58  lcd.o(i.Lcd_Clear)
    Lcd_DisplayPic                           0x08001abf   Thumb Code    90  lcd.o(i.Lcd_DisplayPic)
    Lcd_DrawPoint                            0x08001b19   Thumb Code    32  lcd.o(i.Lcd_DrawPoint)
    Lcd_Port_Config                          0x08001b39   Thumb Code   106  lcd.o(i.Lcd_Port_Config)
    Lcd_Send_Cmd                             0x08001bad   Thumb Code    36  lcd.o(i.Lcd_Send_Cmd)
    Lcd_Send_Data                            0x08001bd9   Thumb Code    36  lcd.o(i.Lcd_Send_Data)
    Lcd_Send_Data16b                         0x08001c05   Thumb Code    42  lcd.o(i.Lcd_Send_Data16b)
    Lcd_SetPostion                           0x08001c39   Thumb Code    62  lcd.o(i.Lcd_SetPostion)
    Lcd_TransferData                         0x08001c79   Thumb Code    60  lcd.o(i.Lcd_TransferData)
    Lcd_ZikuChi                              0x08001cb9   Thumb Code   226  lcd.o(i.Lcd_ZikuChi)
    Lcd_ZikuEng                              0x08001da5   Thumb Code   244  lcd.o(i.Lcd_ZikuEng)
    Lcd_ZikuStr                              0x08001ea1   Thumb Code   114  lcd.o(i.Lcd_ZikuStr)
    MLX90614_Config                          0x08001f13   Thumb Code     8  mlx90614.o(i.MLX90614_Config)
    NVIC_Init                                0x08001f1d   Thumb Code   106  misc.o(i.NVIC_Init)
    Page_Home                                0x08001f95   Thumb Code    62  ui.o(i.Page_Home)
    Page_One                                 0x08001ff1   Thumb Code   600  ui.o(i.Page_One)
    Page_Sensor                              0x080022c1   Thumb Code    28  ui.o(i.Page_Sensor)
    Page_Two                                 0x080022dd   Thumb Code   296  ui.o(i.Page_Two)
    Page_Write                               0x08002449   Thumb Code    96  w25q64.o(i.Page_Write)
    RCC_AHB1PeriphClockCmd                   0x080024ad   Thumb Code    26  stm32f4xx_rcc.o(i.RCC_AHB1PeriphClockCmd)
    RCC_APB1PeriphClockCmd                   0x080024cd   Thumb Code    26  stm32f4xx_rcc.o(i.RCC_APB1PeriphClockCmd)
    RCC_APB2PeriphClockCmd                   0x080024ed   Thumb Code    26  stm32f4xx_rcc.o(i.RCC_APB2PeriphClockCmd)
    RCC_GetClocksFreq                        0x0800250d   Thumb Code   214  stm32f4xx_rcc.o(i.RCC_GetClocksFreq)
    Read_Data                                0x080025f5   Thumb Code    74  w25q64.o(i.Read_Data)
    Read_StatusReg                           0x08002645   Thumb Code    48  w25q64.o(i.Read_StatusReg)
    Relay_Init                               0x08002679   Thumb Code    50  relay.o(i.Relay_Init)
    Relay_Off                                0x080026b1   Thumb Code    12  relay.o(i.Relay_Off)
    Relay_On                                 0x080026c1   Thumb Code    12  relay.o(i.Relay_On)
    Rgb_Config                               0x080026d1   Thumb Code   102  rgb.o(i.Rgb_Config)
    Rgb_Control                              0x0800273d   Thumb Code    32  rgb.o(i.Rgb_Control)
    Rgb_Reset                                0x0800275d   Thumb Code    22  rgb.o(i.Rgb_Reset)
    Rgb_SendData                             0x08002779   Thumb Code   106  rgb.o(i.Rgb_SendData)
    SPI_Cmd                                  0x080027e9   Thumb Code    24  stm32f4xx_spi.o(i.SPI_Cmd)
    SPI_I2S_GetFlagStatus                    0x08002801   Thumb Code    18  stm32f4xx_spi.o(i.SPI_I2S_GetFlagStatus)
    SPI_I2S_ReceiveData                      0x08002813   Thumb Code     6  stm32f4xx_spi.o(i.SPI_I2S_ReceiveData)
    SPI_I2S_SendData                         0x08002819   Thumb Code     4  stm32f4xx_spi.o(i.SPI_I2S_SendData)
    SPI_Init                                 0x0800281d   Thumb Code    60  stm32f4xx_spi.o(i.SPI_Init)
    Sensor_Display_All                       0x08002859   Thumb Code   238  project.o(i.Sensor_Display_All)
    Servo_Init                               0x080029a1   Thumb Code   154  servo.o(i.Servo_Init)
    Servo_SetAngle                           0x08002a45   Thumb Code    94  servo.o(i.Servo_SetAngle)
    Sht30_Config                             0x08002ba5   Thumb Code     8  sht30.o(i.Sht30_Config)
    Spi1_Config                              0x08002bad   Thumb Code   152  spi.o(i.Spi1_Config)
    Spi1_TransferData                        0x08002c4d   Thumb Code    50  spi.o(i.Spi1_TransferData)
    SysTick_Handler                          0x08002c85   Thumb Code    70  systick.o(i.SysTick_Handler)
    SystemInit                               0x08002cdd   Thumb Code    88  system_stm32f4xx.o(i.SystemInit)
    TIM_ARRPreloadConfig                     0x08002d45   Thumb Code    24  stm32f4xx_tim.o(i.TIM_ARRPreloadConfig)
    TIM_Cmd                                  0x08002d5d   Thumb Code    24  stm32f4xx_tim.o(i.TIM_Cmd)
    TIM_CtrlPWMOutputs                       0x08002d75   Thumb Code    30  stm32f4xx_tim.o(i.TIM_CtrlPWMOutputs)
    TIM_OC2Init                              0x08002d95   Thumb Code   154  stm32f4xx_tim.o(i.TIM_OC2Init)
    TIM_OC2PreloadConfig                     0x08002e39   Thumb Code    26  stm32f4xx_tim.o(i.TIM_OC2PreloadConfig)
    TIM_OC3Init                              0x08002e55   Thumb Code   150  stm32f4xx_tim.o(i.TIM_OC3Init)
    TIM_OC3PreloadConfig                     0x08002ef5   Thumb Code    18  stm32f4xx_tim.o(i.TIM_OC3PreloadConfig)
    TIM_SetCompare2                          0x08002f07   Thumb Code     4  stm32f4xx_tim.o(i.TIM_SetCompare2)
    TIM_SetCompare3                          0x08002f0b   Thumb Code     4  stm32f4xx_tim.o(i.TIM_SetCompare3)
    TIM_TimeBaseInit                         0x08002f11   Thumb Code   104  stm32f4xx_tim.o(i.TIM_TimeBaseInit)
    Timer_Delay_Init                         0x08002f95   Thumb Code    58  timer.o(i.Timer_Delay_Init)
    Touch_ClearGestureFlag                   0x08002fd5   Thumb Code     2  ui.o(i.Touch_ClearGestureFlag)
    USART1_IRQHandler                        0x08002fd9   Thumb Code   102  usart1.o(i.USART1_IRQHandler)
    USART_ClearITPendingBit                  0x08003055   Thumb Code    30  stm32f4xx_usart.o(i.USART_ClearITPendingBit)
    USART_Cmd                                0x08003073   Thumb Code    24  stm32f4xx_usart.o(i.USART_Cmd)
    USART_GetFlagStatus                      0x0800308b   Thumb Code    26  stm32f4xx_usart.o(i.USART_GetFlagStatus)
    USART_GetITStatus                        0x080030a5   Thumb Code    84  stm32f4xx_usart.o(i.USART_GetITStatus)
    USART_ITConfig                           0x080030f9   Thumb Code    74  stm32f4xx_usart.o(i.USART_ITConfig)
    USART_Init                               0x08003145   Thumb Code   204  stm32f4xx_usart.o(i.USART_Init)
    USART_ReceiveData                        0x08003219   Thumb Code    10  stm32f4xx_usart.o(i.USART_ReceiveData)
    USART_SendData                           0x08003223   Thumb Code     8  stm32f4xx_usart.o(i.USART_SendData)
    Update_Device_Links                      0x0800322d   Thumb Code   160  control.o(i.Update_Device_Links)
    Usart1_Config                            0x080032e1   Thumb Code   186  usart1.o(i.Usart1_Config)
    W25Q64_Config                            0x080033a5   Thumb Code    66  w25q64.o(i.W25Q64_Config)
    W25Q64_CrossPageWrite                    0x080033ed   Thumb Code    76  w25q64.o(i.W25Q64_CrossPageWrite)
    Write_Enable                             0x08003439   Thumb Code    26  w25q64.o(i.Write_Enable)
    __0printf                                0x08003459   Thumb Code    22  printfa.o(i.__0printf)
    __1printf                                0x08003459   Thumb Code     0  printfa.o(i.__0printf)
    __2printf                                0x08003459   Thumb Code     0  printfa.o(i.__0printf)
    __c89printf                              0x08003459   Thumb Code     0  printfa.o(i.__0printf)
    printf                                   0x08003459   Thumb Code     0  printfa.o(i.__0printf)
    __0sprintf                               0x08003479   Thumb Code    34  printfa.o(i.__0sprintf)
    __1sprintf                               0x08003479   Thumb Code     0  printfa.o(i.__0sprintf)
    __2sprintf                               0x08003479   Thumb Code     0  printfa.o(i.__0sprintf)
    __c89sprintf                             0x08003479   Thumb Code     0  printfa.o(i.__0sprintf)
    sprintf                                  0x08003479   Thumb Code     0  printfa.o(i.__0sprintf)
    __scatterload_copy                       0x080034a1   Thumb Code    14  handlers.o(i.__scatterload_copy)
    __scatterload_null                       0x080034af   Thumb Code     2  handlers.o(i.__scatterload_null)
    __scatterload_zeroinit                   0x080034b1   Thumb Code    14  handlers.o(i.__scatterload_zeroinit)
    delay_ms                                 0x08003d7d   Thumb Code    24  delay.o(i.delay_ms)
    delay_us                                 0x08003d95   Thumb Code    26  delay.o(i.delay_us)
    fputc                                    0x08003daf   Thumb Code    16  usart1.o(i.fputc)
    main                                     0x08003dc1   Thumb Code   344  main.o(i.main)
    usart1_send_byte                         0x08003f79   Thumb Code    28  usart1.o(i.usart1_send_byte)
    gImage_11                                0x08003f98   Data       153608  ui.o(.constdata)
    Region$$Table$$Base                      0x080297b8   Number         0  anon$$obj.o(Region$$Table)
    Region$$Table$$Limit                     0x080297d8   Number         0  anon$$obj.o(Region$$Table)
    SystemCoreClock                          0x20000000   Data           4  system_stm32f4xx.o(.data)
    AHBPrescTable                            0x20000004   Data          16  system_stm32f4xx.o(.data)
    current_mode                             0x20000014   Data           1  main.o(.data)
    servo_current_angle                      0x20000018   Data           4  main.o(.data)
    work_mode                                0x2000001c   Data           1  main.o(.data)
    key                                      0x2000001d   Data           1  main.o(.data)
    ui_flag                                  0x2000001e   Data           1  main.o(.data)
    beep_timer                               0x20000020   Data           4  main.o(.data)
    current_page                             0x20000024   Data           1  main.o(.data)
    sht30_flag                               0x20000038   Data           1  systick.o(.data)
    sys_tick                                 0x2000003c   Data           4  systick.o(.data)
    file_flag                                0x20000042   Data           1  w25q64.o(.data)
    transfer_flag                            0x20000043   Data           1  w25q64.o(.data)
    cst                                      0x20000044   Data           6  iic3.o(.data)
    led_mode                                 0x2000004c   Data           1  ui.o(.data)
    led_mode_str                             0x20000050   Data          12  ui.o(.data)
    led_status                               0x2000005c   Data           1  ui.o(.data)
    fan_status                               0x2000005d   Data           1  ui.o(.data)
    buzzer_status                            0x2000005e   Data           1  ui.o(.data)
    relay_status                             0x2000005f   Data           1  ui.o(.data)
    img_index                                0x20000060   Data           1  ui.o(.data)
    auto_play_en                             0x20000061   Data           1  ui.o(.data)
    auto_play_cnt                            0x20000062   Data           2  ui.o(.data)
    touch_lock                               0x20000064   Data           1  ui.o(.data)
    touch_lock_time                          0x20000068   Data           4  ui.o(.data)
    flame_value                              0x2000006c   Data           4  flam.o(.data)
    light_value                              0x20000070   Data           4  adc.o(.data)
    fan_gear                                 0x20000074   Data           1  project.o(.data)
    fan_rgb_state                            0x20000075   Data           1  project.o(.data)
    __stdout                                 0x20000094   Data           4  stdout.o(.data)
    __initial_sp                             0x20000498   Data           0  startup_stm32f40_41xxx.o(STACK)



==============================================================================

Memory Map of the image

  Image Entry point : 0x08000189

  Load Region LR_IROM1 (Base: 0x08000000, Size: 0x00029870, Max: 0x00100000, ABSOLUTE)

    Execution Region ER_IROM1 (Exec base: 0x08000000, Load base: 0x08000000, Size: 0x000297d8, Max: 0x00100000, ABSOLUTE)

    Exec Addr    Load Addr    Size         Type   Attr      Idx    E Section Name        Object

    0x08000000   0x08000000   0x00000188   Data   RO            3    RESET               startup_stm32f40_41xxx.o
    0x08000188   0x08000188   0x00000000   Code   RO         6119  * .ARM.Collect$$$$00000000  mc_w.l(entry.o)
    0x08000188   0x08000188   0x00000004   Code   RO         6395    .ARM.Collect$$$$00000001  mc_w.l(entry2.o)
    0x0800018c   0x0800018c   0x00000004   Code   RO         6398    .ARM.Collect$$$$00000004  mc_w.l(entry5.o)
    0x08000190   0x08000190   0x00000000   Code   RO         6400    .ARM.Collect$$$$00000008  mc_w.l(entry7b.o)
    0x08000190   0x08000190   0x00000000   Code   RO         6402    .ARM.Collect$$$$0000000A  mc_w.l(entry8b.o)
    0x08000190   0x08000190   0x00000008   Code   RO         6403    .ARM.Collect$$$$0000000B  mc_w.l(entry9a.o)
    0x08000198   0x08000198   0x00000000   Code   RO         6405    .ARM.Collect$$$$0000000D  mc_w.l(entry10a.o)
    0x08000198   0x08000198   0x00000000   Code   RO         6407    .ARM.Collect$$$$0000000F  mc_w.l(entry11a.o)
    0x08000198   0x08000198   0x00000004   Code   RO         6396    .ARM.Collect$$$$00002712  mc_w.l(entry2.o)
    0x0800019c   0x0800019c   0x00000024   Code   RO            4    .text               startup_stm32f40_41xxx.o
    0x080001c0   0x080001c0   0x00000024   Code   RO         6122    .text               mc_w.l(memseta.o)
    0x080001e4   0x080001e4   0x00000026   Code   RO         6393    .text               mf_w.l(f2d.o)
    0x0800020a   0x0800020a   0x0000002c   Code   RO         6410    .text               mc_w.l(uidiv.o)
    0x08000236   0x08000236   0x00000062   Code   RO         6412    .text               mc_w.l(uldiv.o)
    0x08000298   0x08000298   0x00000000   Code   RO         6425    .text               mc_w.l(iusefp.o)
    0x08000298   0x08000298   0x0000014e   Code   RO         6426    .text               mf_w.l(dadd.o)
    0x080003e6   0x080003e6   0x000000e4   Code   RO         6428    .text               mf_w.l(dmul.o)
    0x080004ca   0x080004ca   0x000000de   Code   RO         6430    .text               mf_w.l(ddiv.o)
    0x080005a8   0x080005a8   0x00000030   Code   RO         6432    .text               mf_w.l(dfixul.o)
    0x080005d8   0x080005d8   0x00000030   Code   RO         6434    .text               mf_w.l(cdrcmple.o)
    0x08000608   0x08000608   0x00000024   Code   RO         6436    .text               mc_w.l(init.o)
    0x0800062c   0x0800062c   0x0000001e   Code   RO         6438    .text               mc_w.l(llshl.o)
    0x0800064a   0x0800064a   0x00000020   Code   RO         6440    .text               mc_w.l(llushr.o)
    0x0800066a   0x0800066a   0x00000024   Code   RO         6442    .text               mc_w.l(llsshr.o)
    0x0800068e   0x0800068e   0x000000ba   Code   RO         6452    .text               mf_w.l(depilogue.o)
    0x08000748   0x08000748   0x00000080   Code   RO         1314    i.ADC1_Config       adc.o
    0x080007c8   0x080007c8   0x000000a0   Code   RO         1315    i.ADC1_GetValue     adc.o
    0x08000868   0x08000868   0x00000016   Code   RO         1435    i.ADC_Cmd           stm32f4xx_adc.o
    0x0800087e   0x0800087e   0x00000008   Code   RO         1447    i.ADC_GetConversionValue  stm32f4xx_adc.o
    0x08000886   0x08000886   0x00000012   Code   RO         1448    i.ADC_GetFlagStatus  stm32f4xx_adc.o
    0x08000898   0x08000898   0x00000054   Code   RO         1455    i.ADC_Init          stm32f4xx_adc.o
    0x080008ec   0x080008ec   0x000000b8   Code   RO         1460    i.ADC_RegularChannelConfig  stm32f4xx_adc.o
    0x080009a4   0x080009a4   0x0000000a   Code   RO         1462    i.ADC_SoftwareStartConv  stm32f4xx_adc.o
    0x080009ae   0x080009ae   0x00000002   PAD
    0x080009b0   0x080009b0   0x0000003c   Code   RO          430    i.Buzzer_Init       buzzer.o
    0x080009ec   0x080009ec   0x00000014   Code   RO          431    i.Buzzer_Off        buzzer.o
    0x08000a00   0x08000a00   0x00000014   Code   RO          432    i.Buzzer_On         buzzer.o
    0x08000a14   0x08000a14   0x00000068   Code   RO         1125    i.CST816S_Config    iic3.o
    0x08000a7c   0x08000a7c   0x0000005e   Code   RO         1126    i.CST816S_RecData   iic3.o
    0x08000ada   0x08000ada   0x0000002e   Code   RO         1127    i.CST816S_WriteByte  iic3.o
    0x08000b08   0x08000b08   0x00000110   Code   RO         1128    i.CST_Scan          iic3.o
    0x08000c18   0x08000c18   0x00000010   Code   RO          544    i.Fan_Config        fan.o
    0x08000c28   0x08000c28   0x0000025c   Code   RO         1346    i.Fan_DisplayStatus  project.o
    0x08000e84   0x08000e84   0x00000048   Code   RO          545    i.Fan_GPIO_Config   fan.o
    0x08000ecc   0x08000ecc   0x0000023c   Code   RO         1347    i.Fan_KeyControl    project.o
    0x08001108   0x08001108   0x00000044   Code   RO          546    i.Fan_PWM_Config    fan.o
    0x0800114c   0x0800114c   0x0000001c   Code   RO          547    i.Fan_SetSpeed      fan.o
    0x08001168   0x08001168   0x00000040   Code   RO          548    i.Fan_TIM_Config    fan.o
    0x080011a8   0x080011a8   0x00000030   Code   RO         1282    i.Flame_Config      flam.o
    0x080011d8   0x080011d8   0x00000098   Code   RO         1283    i.Flame_GetValue    flam.o
    0x08001270   0x08001270   0x00000090   Code   RO         3108    i.GPIO_Init         stm32f4xx_gpio.o
    0x08001300   0x08001300   0x00000046   Code   RO         3109    i.GPIO_PinAFConfig  stm32f4xx_gpio.o
    0x08001346   0x08001346   0x00000012   Code   RO         3112    i.GPIO_ReadInputDataBit  stm32f4xx_gpio.o
    0x08001358   0x08001358   0x00000004   Code   RO         3115    i.GPIO_ResetBits    stm32f4xx_gpio.o
    0x0800135c   0x0800135c   0x00000004   Code   RO         3116    i.GPIO_SetBits      stm32f4xx_gpio.o
    0x08001360   0x08001360   0x0000002e   Code   RO         1217    i.GetTouchArea      ui.o
    0x0800138e   0x0800138e   0x00000002   PAD
    0x08001390   0x08001390   0x0000005c   Code   RO         1129    i.Get_XY            iic3.o
    0x080013ec   0x080013ec   0x000000b0   Code   RO         1130    i.I2C3_Config       iic3.o
    0x0800149c   0x0800149c   0x00000060   Code   RO         1131    i.I2C3_RecAck       iic3.o
    0x080014fc   0x080014fc   0x00000060   Code   RO         1132    i.I2C3_RecData      iic3.o
    0x0800155c   0x0800155c   0x0000005c   Code   RO         1133    i.I2C3_SendAck      iic3.o
    0x080015b8   0x080015b8   0x00000060   Code   RO         1134    i.I2C3_SendData     iic3.o
    0x08001618   0x08001618   0x00000038   Code   RO         1135    i.I2C3_Start        iic3.o
    0x08001650   0x08001650   0x00000038   Code   RO         1136    i.I2C3_Stop         iic3.o
    0x08001688   0x08001688   0x00000058   Code   RO          738    i.IIC1_Config       iic.o
    0x080016e0   0x080016e0   0x00000048   Code   RO          387    i.KEY_Init          key.o
    0x08001728   0x08001728   0x000001a4   Code   RO          887    i.LCD_Init          lcd.o
    0x080018cc   0x080018cc   0x00000040   Code   RO          290    i.LED_Init          led.o
    0x0800190c   0x0800190c   0x00000154   Code   RO          294    i.LED_Mode_Update   led.o
    0x08001a60   0x08001a60   0x00000024   Code   RO          295    i.LED_SetAll        led.o
    0x08001a84   0x08001a84   0x0000003a   Code   RO          888    i.Lcd_Clear         lcd.o
    0x08001abe   0x08001abe   0x0000005a   Code   RO          891    i.Lcd_DisplayPic    lcd.o
    0x08001b18   0x08001b18   0x00000020   Code   RO          893    i.Lcd_DrawPoint     lcd.o
    0x08001b38   0x08001b38   0x00000074   Code   RO          894    i.Lcd_Port_Config   lcd.o
    0x08001bac   0x08001bac   0x0000002c   Code   RO          895    i.Lcd_Send_Cmd      lcd.o
    0x08001bd8   0x08001bd8   0x0000002c   Code   RO          896    i.Lcd_Send_Data     lcd.o
    0x08001c04   0x08001c04   0x00000034   Code   RO          897    i.Lcd_Send_Data16b  lcd.o
    0x08001c38   0x08001c38   0x0000003e   Code   RO          898    i.Lcd_SetPostion    lcd.o
    0x08001c76   0x08001c76   0x00000002   PAD
    0x08001c78   0x08001c78   0x00000040   Code   RO          899    i.Lcd_TransferData  lcd.o
    0x08001cb8   0x08001cb8   0x000000ec   Code   RO          900    i.Lcd_ZikuChi       lcd.o
    0x08001da4   0x08001da4   0x000000fc   Code   RO          901    i.Lcd_ZikuEng       lcd.o
    0x08001ea0   0x08001ea0   0x00000072   Code   RO          902    i.Lcd_ZikuStr       lcd.o
    0x08001f12   0x08001f12   0x00000008   Code   RO          855    i.MLX90614_Config   mlx90614.o
    0x08001f1a   0x08001f1a   0x00000002   PAD
    0x08001f1c   0x08001f1c   0x00000078   Code   RO         1385    i.NVIC_Init         misc.o
    0x08001f94   0x08001f94   0x0000005c   Code   RO         1218    i.Page_Home         ui.o
    0x08001ff0   0x08001ff0   0x000002d0   Code   RO         1219    i.Page_One          ui.o
    0x080022c0   0x080022c0   0x0000001c   Code   RO         1220    i.Page_Sensor       ui.o
    0x080022dc   0x080022dc   0x0000016c   Code   RO         1221    i.Page_Two          ui.o
    0x08002448   0x08002448   0x00000064   Code   RO         1008    i.Page_Write        w25q64.o
    0x080024ac   0x080024ac   0x00000020   Code   RO         3972    i.RCC_AHB1PeriphClockCmd  stm32f4xx_rcc.o
    0x080024cc   0x080024cc   0x00000020   Code   RO         3981    i.RCC_APB1PeriphClockCmd  stm32f4xx_rcc.o
    0x080024ec   0x080024ec   0x00000020   Code   RO         3984    i.RCC_APB2PeriphClockCmd  stm32f4xx_rcc.o
    0x0800250c   0x0800250c   0x000000e8   Code   RO         3993    i.RCC_GetClocksFreq  stm32f4xx_rcc.o
    0x080025f4   0x080025f4   0x00000050   Code   RO         1009    i.Read_Data         w25q64.o
    0x08002644   0x08002644   0x00000034   Code   RO         1010    i.Read_StatusReg    w25q64.o
    0x08002678   0x08002678   0x00000038   Code   RO          471    i.Relay_Init        relay.o
    0x080026b0   0x080026b0   0x00000010   Code   RO          472    i.Relay_Off         relay.o
    0x080026c0   0x080026c0   0x00000010   Code   RO          473    i.Relay_On          relay.o
    0x080026d0   0x080026d0   0x0000006c   Code   RO          700    i.Rgb_Config        rgb.o
    0x0800273c   0x0800273c   0x00000020   Code   RO          701    i.Rgb_Control       rgb.o
    0x0800275c   0x0800275c   0x0000001c   Code   RO          702    i.Rgb_Reset         rgb.o
    0x08002778   0x08002778   0x00000070   Code   RO          703    i.Rgb_SendData      rgb.o
    0x080027e8   0x080027e8   0x00000018   Code   RO         5089    i.SPI_Cmd           stm32f4xx_spi.o
    0x08002800   0x08002800   0x00000012   Code   RO         5097    i.SPI_I2S_GetFlagStatus  stm32f4xx_spi.o
    0x08002812   0x08002812   0x00000006   Code   RO         5100    i.SPI_I2S_ReceiveData  stm32f4xx_spi.o
    0x08002818   0x08002818   0x00000004   Code   RO         5101    i.SPI_I2S_SendData  stm32f4xx_spi.o
    0x0800281c   0x0800281c   0x0000003c   Code   RO         5102    i.SPI_Init          stm32f4xx_spi.o
    0x08002858   0x08002858   0x00000148   Code   RO         1348    i.Sensor_Display_All  project.o
    0x080029a0   0x080029a0   0x000000a4   Code   RO          591    i.Servo_Init        servo.o
    0x08002a44   0x08002a44   0x00000074   Code   RO          592    i.Servo_SetAngle    servo.o
    0x08002ab8   0x08002ab8   0x000000ec   Code   RO           12    i.SetSysClock       system_stm32f4xx.o
    0x08002ba4   0x08002ba4   0x00000008   Code   RO          794    i.Sht30_Config      sht30.o
    0x08002bac   0x08002bac   0x000000a0   Code   RO         1096    i.Spi1_Config       spi.o
    0x08002c4c   0x08002c4c   0x00000038   Code   RO         1097    i.Spi1_TransferData  spi.o
    0x08002c84   0x08002c84   0x00000058   Code   RO          827    i.SysTick_Handler   systick.o
    0x08002cdc   0x08002cdc   0x00000068   Code   RO           14    i.SystemInit        system_stm32f4xx.o
    0x08002d44   0x08002d44   0x00000018   Code   RO         5307    i.TIM_ARRPreloadConfig  stm32f4xx_tim.o
    0x08002d5c   0x08002d5c   0x00000018   Code   RO         5319    i.TIM_Cmd           stm32f4xx_tim.o
    0x08002d74   0x08002d74   0x0000001e   Code   RO         5321    i.TIM_CtrlPWMOutputs  stm32f4xx_tim.o
    0x08002d92   0x08002d92   0x00000002   PAD
    0x08002d94   0x08002d94   0x000000a4   Code   RO         5353    i.TIM_OC2Init       stm32f4xx_tim.o
    0x08002e38   0x08002e38   0x0000001a   Code   RO         5356    i.TIM_OC2PreloadConfig  stm32f4xx_tim.o
    0x08002e52   0x08002e52   0x00000002   PAD
    0x08002e54   0x08002e54   0x000000a0   Code   RO         5358    i.TIM_OC3Init       stm32f4xx_tim.o
    0x08002ef4   0x08002ef4   0x00000012   Code   RO         5361    i.TIM_OC3PreloadConfig  stm32f4xx_tim.o
    0x08002f06   0x08002f06   0x00000004   Code   RO         5382    i.TIM_SetCompare2   stm32f4xx_tim.o
    0x08002f0a   0x08002f0a   0x00000004   Code   RO         5383    i.TIM_SetCompare3   stm32f4xx_tim.o
    0x08002f0e   0x08002f0e   0x00000002   PAD
    0x08002f10   0x08002f10   0x00000084   Code   RO         5391    i.TIM_TimeBaseInit  stm32f4xx_tim.o
    0x08002f94   0x08002f94   0x00000040   Code   RO          512    i.Timer_Delay_Init  timer.o
    0x08002fd4   0x08002fd4   0x00000002   Code   RO         1222    i.Touch_ClearGestureFlag  ui.o
    0x08002fd6   0x08002fd6   0x00000002   PAD
    0x08002fd8   0x08002fd8   0x0000007c   Code   RO          620    i.USART1_IRQHandler  usart1.o
    0x08003054   0x08003054   0x0000001e   Code   RO         5866    i.USART_ClearITPendingBit  stm32f4xx_usart.o
    0x08003072   0x08003072   0x00000018   Code   RO         5869    i.USART_Cmd         stm32f4xx_usart.o
    0x0800308a   0x0800308a   0x0000001a   Code   RO         5872    i.USART_GetFlagStatus  stm32f4xx_usart.o
    0x080030a4   0x080030a4   0x00000054   Code   RO         5873    i.USART_GetITStatus  stm32f4xx_usart.o
    0x080030f8   0x080030f8   0x0000004a   Code   RO         5875    i.USART_ITConfig    stm32f4xx_usart.o
    0x08003142   0x08003142   0x00000002   PAD
    0x08003144   0x08003144   0x000000d4   Code   RO         5876    i.USART_Init        stm32f4xx_usart.o
    0x08003218   0x08003218   0x0000000a   Code   RO         5883    i.USART_ReceiveData  stm32f4xx_usart.o
    0x08003222   0x08003222   0x00000008   Code   RO         5886    i.USART_SendData    stm32f4xx_usart.o
    0x0800322a   0x0800322a   0x00000002   PAD
    0x0800322c   0x0800322c   0x000000b4   Code   RO          670    i.Update_Device_Links  control.o
    0x080032e0   0x080032e0   0x000000c4   Code   RO          621    i.Usart1_Config     usart1.o
    0x080033a4   0x080033a4   0x00000048   Code   RO         1012    i.W25Q64_Config     w25q64.o
    0x080033ec   0x080033ec   0x0000004c   Code   RO         1013    i.W25Q64_CrossPageWrite  w25q64.o
    0x08003438   0x08003438   0x00000020   Code   RO         1015    i.Write_Enable      w25q64.o
    0x08003458   0x08003458   0x00000020   Code   RO         6365    i.__0printf         mc_w.l(printfa.o)
    0x08003478   0x08003478   0x00000028   Code   RO         6367    i.__0sprintf        mc_w.l(printfa.o)
    0x080034a0   0x080034a0   0x0000000e   Code   RO         6465    i.__scatterload_copy  mc_w.l(handlers.o)
    0x080034ae   0x080034ae   0x00000002   Code   RO         6466    i.__scatterload_null  mc_w.l(handlers.o)
    0x080034b0   0x080034b0   0x0000000e   Code   RO         6467    i.__scatterload_zeroinit  mc_w.l(handlers.o)
    0x080034be   0x080034be   0x00000002   PAD
    0x080034c0   0x080034c0   0x00000184   Code   RO         6372    i._fp_digits        mc_w.l(printfa.o)
    0x08003644   0x08003644   0x000006dc   Code   RO         6373    i._printf_core      mc_w.l(printfa.o)
    0x08003d20   0x08003d20   0x00000024   Code   RO         6374    i._printf_post_padding  mc_w.l(printfa.o)
    0x08003d44   0x08003d44   0x0000002e   Code   RO         6375    i._printf_pre_padding  mc_w.l(printfa.o)
    0x08003d72   0x08003d72   0x0000000a   Code   RO         6377    i._sputc            mc_w.l(printfa.o)
    0x08003d7c   0x08003d7c   0x00000018   Code   RO          355    i.delay_ms          delay.o
    0x08003d94   0x08003d94   0x0000001a   Code   RO          356    i.delay_us          delay.o
    0x08003dae   0x08003dae   0x00000010   Code   RO          622    i.fputc             usart1.o
    0x08003dbe   0x08003dbe   0x00000002   PAD
    0x08003dc0   0x08003dc0   0x000001b8   Code   RO          150    i.main              main.o
    0x08003f78   0x08003f78   0x00000020   Code   RO          623    i.usart1_send_byte  usart1.o
    0x08003f98   0x08003f98   0x00025808   Data   RO         1223    .constdata          ui.o
    0x080297a0   0x080297a0   0x00000015   Data   RO         1224    .conststring        ui.o
    0x080297b5   0x080297b5   0x00000003   PAD
    0x080297b8   0x080297b8   0x00000020   Data   RO         6463    Region$$Table       anon$$obj.o


    Execution Region RW_IRAM1 (Exec base: 0x20000000, Load base: 0x080297d8, Size: 0x00000498, Max: 0x00020000, ABSOLUTE)

    Exec Addr    Load Addr    Size         Type   Attr      Idx    E Section Name        Object

    0x20000000   0x080297d8   0x00000014   Data   RW           15    .data               system_stm32f4xx.o
    0x20000014   0x080297ec   0x00000011   Data   RW          151    .data               main.o
    0x20000025   0x080297fd   0x00000003   PAD
    0x20000028   0x08029800   0x0000000a   Data   RW          296    .data               led.o
    0x20000032   0x0802980a   0x00000002   PAD
    0x20000034   0x0802980c   0x00000004   Data   RW          626    .data               usart1.o
    0x20000038   0x08029810   0x0000000a   Data   RW          828    .data               systick.o
    0x20000042   0x0802981a   0x00000002   Data   RW         1016    .data               w25q64.o
    0x20000044   0x0802981c   0x00000006   Data   RW         1137    .data               iic3.o
    0x2000004a   0x08029822   0x00000002   PAD
    0x2000004c   0x08029824   0x00000020   Data   RW         1225    .data               ui.o
    0x2000006c   0x08029844   0x00000004   Data   RW         1284    .data               flam.o
    0x20000070   0x08029848   0x00000004   Data   RW         1316    .data               adc.o
    0x20000074   0x0802984c   0x0000000e   Data   RW         1349    .data               project.o
    0x20000082   0x0802985a   0x00000010   Data   RW         4025    .data               stm32f4xx_rcc.o
    0x20000092   0x0802986a   0x00000002   PAD
    0x20000094   0x0802986c   0x00000004   Data   RW         6409    .data               mc_w.l(stdout.o)
    0x20000098        -       0x00000400   Zero   RW            1    STACK               startup_stm32f40_41xxx.o


==============================================================================

Image component sizes


      Code (inc. data)   RO Data    RW Data    ZI Data      Debug   Object Name

       288         56          0          4          0       1736   adc.o
       100         18          0          0          0       1807   buzzer.o
       180         20          0          0          0        778   control.o
        50          0          0          0          0       1254   delay.o
       248         20          0          0          0       3196   fan.o
       200         56          0          4          0       1642   flam.o
        88          4          0          0          0        658   iic.o
      1276        208          0          6          0       9672   iic3.o
        72         10          0          0          0        627   key.o
      1584         64          0          0          0      11334   lcd.o
       440         48          0         10          0       2494   led.o
       440         96          0         17          0     273787   main.o
       120         14          0          0          0       1316   misc.o
         8          0          0          0          0        598   mlx90614.o
      1504        322          0         14          0       3463   project.o
        88         14          0          0          0       1788   relay.o
       280         18          0          0          0       2730   rgb.o
       280         32          0          0          0       1526   servo.o
         8          0          0          0          0        583   sht30.o
       216         14          0          0          0       1438   spi.o
        36          8        392          0       1024        932   startup_stm32f40_41xxx.o
       326         10          0          0          0       6001   stm32f4xx_adc.o
       240          0          0          0          0       4407   stm32f4xx_gpio.o
       328         36          0         16          0       5479   stm32f4xx_rcc.o
       112          0          0          0          0       4378   stm32f4xx_spi.o
       586         48          0          0          0       8371   stm32f4xx_tim.o
       468          8          0          0          0       7463   stm32f4xx_usart.o
       340         32          0         20          0      63565   system_stm32f4xx.o
        88         18          0         10          0       1449   systick.o
        64          6          0          0          0        647   timer.o
      1252        218     153629         32          0       5874   ui.o
       368         36          0          4          0       2883   usart1.o
       412         26          0          2          0       5091   w25q64.o

    ----------------------------------------------------------------------
     12112       1460     154056        148       1024     438967   Object Totals
         0          0         32          0          0          0   (incl. Generated)
        22          0          3          9          0          0   (incl. Padding)

    ----------------------------------------------------------------------

      Code (inc. data)   RO Data    RW Data    ZI Data      Debug   Library Member Name

         0          0          0          0          0          0   entry.o
         0          0          0          0          0          0   entry10a.o
         0          0          0          0          0          0   entry11a.o
         8          4          0          0          0          0   entry2.o
         4          0          0          0          0          0   entry5.o
         0          0          0          0          0          0   entry7b.o
         0          0          0          0          0          0   entry8b.o
         8          4          0          0          0          0   entry9a.o
        30          0          0          0          0          0   handlers.o
        36          8          0          0          0         68   init.o
         0          0          0          0          0          0   iusefp.o
        30          0          0          0          0         68   llshl.o
        36          0          0          0          0         68   llsshr.o
        32          0          0          0          0         68   llushr.o
        36          0          0          0          0        108   memseta.o
      2308         96          0          0          0        604   printfa.o
         0          0          0          4          0          0   stdout.o
        44          0          0          0          0         80   uidiv.o
        98          0          0          0          0         92   uldiv.o
        48          0          0          0          0         68   cdrcmple.o
       334          0          0          0          0        148   dadd.o
       222          0          0          0          0        100   ddiv.o
       186          0          0          0          0        176   depilogue.o
        48          0          0          0          0         68   dfixul.o
       228          0          0          0          0         96   dmul.o
        38          0          0          0          0         68   f2d.o

    ----------------------------------------------------------------------
      3776        112          0          4          0       1880   Library Totals
         2          0          0          0          0          0   (incl. Padding)

    ----------------------------------------------------------------------

      Code (inc. data)   RO Data    RW Data    ZI Data      Debug   Library Name

      2670        112          0          4          0       1156   mc_w.l
      1104          0          0          0          0        724   mf_w.l

    ----------------------------------------------------------------------
      3776        112          0          4          0       1880   Library Totals

    ----------------------------------------------------------------------

==============================================================================


      Code (inc. data)   RO Data    RW Data    ZI Data      Debug   

     15888       1572     154056        152       1024     428415   Grand Totals
     15888       1572     154056        152       1024     428415   ELF Image Totals
     15888       1572     154056        152          0          0   ROM Totals

==============================================================================

    Total RO  Size (Code + RO Data)               169944 ( 165.96kB)
    Total RW  Size (RW Data + ZI Data)              1176 (   1.15kB)
    Total ROM Size (Code + RO Data + RW Data)     170096 ( 166.11kB)

==============================================================================

